Archive member included to satisfy reference by file (symbol)

app/libapp.a(zephyr_platform.c.obj)
                              (--whole-archive)
app/libapp.a(zephyr_thread.c.obj)
                              (--whole-archive)
app/libapp.a(zephyr_time.c.obj)
                              (--whole-archive)
app/libapp.a(ems_alloc.c.obj)
                              (--whole-archive)
app/libapp.a(ems_gc.c.obj)    (--whole-archive)
app/libapp.a(ems_hmu.c.obj)   (--whole-archive)
app/libapp.a(ems_kfc.c.obj)   (--whole-archive)
app/libapp.a(mem_alloc.c.obj)
                              (--whole-archive)
app/libapp.a(bh_assert.c.obj)
                              (--whole-archive)
app/libapp.a(bh_bitmap.c.obj)
                              (--whole-archive)
app/libapp.a(bh_common.c.obj)
                              (--whole-archive)
app/libapp.a(bh_hashmap.c.obj)
                              (--whole-archive)
app/libapp.a(bh_leb128.c.obj)
                              (--whole-archive)
app/libapp.a(bh_list.c.obj)   (--whole-archive)
app/libapp.a(bh_log.c.obj)    (--whole-archive)
app/libapp.a(bh_queue.c.obj)  (--whole-archive)
app/libapp.a(bh_vector.c.obj)
                              (--whole-archive)
app/libapp.a(runtime_timer.c.obj)
                              (--whole-archive)
app/libapp.a(libc_builtin_wrapper.c.obj)
                              (--whole-archive)
app/libapp.a(lib_thesis_wrapper.c.obj)
                              (--whole-archive)
app/libapp.a(wasm_application.c.obj)
                              (--whole-archive)
app/libapp.a(wasm_blocking_op.c.obj)
                              (--whole-archive)
app/libapp.a(wasm_c_api.c.obj)
                              (--whole-archive)
app/libapp.a(wasm_exec_env.c.obj)
                              (--whole-archive)
app/libapp.a(wasm_loader_common.c.obj)
                              (--whole-archive)
app/libapp.a(wasm_memory.c.obj)
                              (--whole-archive)
app/libapp.a(wasm_native.c.obj)
                              (--whole-archive)
app/libapp.a(wasm_runtime_common.c.obj)
                              (--whole-archive)
app/libapp.a(wasm_shared_memory.c.obj)
                              (--whole-archive)
app/libapp.a(invokeNative_riscv.S.obj)
                              (--whole-archive)
app/libapp.a(wasm_interp_classic.c.obj)
                              (--whole-archive)
app/libapp.a(wasm_loader.c.obj)
                              (--whole-archive)
app/libapp.a(wasm_runtime.c.obj)
                              (--whole-archive)
app/libapp.a(main.c.obj)      (--whole-archive)
app/libapp.a(thesis_native_bench.c.obj)
                              (--whole-archive)
zephyr/libzephyr.a(validate_libc.c.obj)
                              (--whole-archive)
zephyr/libzephyr.a(heap.c.obj)
                              (--whole-archive)
zephyr/libzephyr.a(cbprintf_packaged.c.obj)
                              (--whole-archive)
zephyr/libzephyr.a(clock.c.obj)
                              (--whole-archive)
zephyr/libzephyr.a(printk.c.obj)
                              (--whole-archive)
zephyr/libzephyr.a(sem.c.obj)
                              (--whole-archive)
zephyr/libzephyr.a(thread_entry.c.obj)
                              (--whole-archive)
zephyr/libzephyr.a(cbprintf_complete.c.obj)
                              (--whole-archive)
zephyr/libzephyr.a(assert.c.obj)
                              (--whole-archive)
zephyr/libzephyr.a(dec.c.obj)
                              (--whole-archive)
zephyr/libzephyr.a(hex.c.obj)
                              (--whole-archive)
zephyr/libzephyr.a(rb.c.obj)  (--whole-archive)
zephyr/libzephyr.a(timeutil.c.obj)
                              (--whole-archive)
zephyr/libzephyr.a(bitarray.c.obj)
                              (--whole-archive)
zephyr/libzephyr.a(bitmask.c.obj)
                              (--whole-archive)
zephyr/libzephyr.a(ring_buffer.c.obj)
                              (--whole-archive)
zephyr/libzephyr.a(last_section_id.c.obj)
                              (--whole-archive)
zephyr/libzephyr.a(configs.c.obj)
                              (--whole-archive)
zephyr/libzephyr.a(soc_irq.S.obj)
                              (--whole-archive)
zephyr/libzephyr.a(soc_common_irq.c.obj)
                              (--whole-archive)
zephyr/libzephyr.a(vector.S.obj)
                              (--whole-archive)
zephyr/libzephyr.a(soc.c.obj)
                              (--whole-archive)
zephyr/libzephyr.a(tracing_none.c.obj)
                              (--whole-archive)
zephyr/arch/common/libarch__common.a(sw_isr_common.c.obj)
                              (--whole-archive)
zephyr/arch/common/libarch__common.a(init.c.obj)
                              (--whole-archive)
zephyr/arch/common/libarch__common.a(multilevel_irq.c.obj)
                              (--whole-archive)
zephyr/arch/arch/riscv/core/libarch__riscv__core.a(cpu_idle.c.obj)
[...]
Memory Configuration

Name             Origin             Length             Attributes
RAM              0x0000000080000000 0x0000000010000000 xrw
IDT_LIST         0x00000000fffff000 0x0000000000001000 xw
*default*        0x0000000000000000 0xffffffffffffffff

Linker script and memory map

LOAD zephyr/CMakeFiles/zephyr_pre0.dir/misc/empty_file.c.obj
LOAD zephyr/CMakeFiles/offsets.dir/./arch/riscv/core/offsets/offsets.c.obj
LOAD app/libapp.a
LOAD zephyr/libzephyr.a
LOAD zephyr/arch/common/libarch__common.a
LOAD zephyr/arch/arch/riscv/core/libarch__riscv__core.a
LOAD zephyr/lib/libc/picolibc/liblib__libc__picolibc.a
LOAD zephyr/lib/libc/common/liblib__libc__common.a
LOAD zephyr/lib/posix/c_lib_ext/liblib__posix__c_lib_ext.a
LOAD zephyr/drivers/interrupt_controller/libdrivers__interrupt_controller.a
LOAD zephyr/drivers/console/libdrivers__console.a
LOAD zephyr/drivers/serial/libdrivers__serial.a
LOAD zephyr/drivers/timer/libdrivers__timer.a
LOAD zephyr/kernel/libkernel.a
LOAD zephyr/arch/common/libisr_tables.a
LOAD modules/hal_nmsis/libnmsis_dsp.a
LOAD modules/hal_nmsis/libnmsis_dsp.a
LOAD /home/vboxuser/zephyrproject/wasm-micro-runtime/product-mini/platforms/zephyr/thesis-example-fw/qemu_rv64_nmsis_opt/modules/picolibc/libc.a
LOAD /home/vboxuser/toolchains/riscv/bin/../lib/gcc/riscv64-unknown-elf/13.2.0/libgcc.a

.rel.plt        0x0000000000000000        0x0
 *(SORT_BY_ALIGNMENT(.rel.plt))
                [!provide]                        PROVIDE (__rel_iplt_start = .)
 *(SORT_BY_ALIGNMENT(.rel.iplt))
                [!provide]                        PROVIDE (__rel_iplt_end = .)

.rela.plt       0x0000000000000000        0x0
 *(SORT_BY_ALIGNMENT(.rela.plt))
                [!provide]                        PROVIDE (__rela_iplt_start = .)
 *(SORT_BY_ALIGNMENT(.rela.iplt))
                [!provide]                        PROVIDE (__rela_iplt_end = .)

.rel.dyn
 *(SORT_BY_ALIGNMENT(.rel.*))

.rela.dyn       0x0000000080000000        0x0
 *(SORT_BY_ALIGNMENT(.rela.*))
 .rela.sdata._char_out
                0x0000000080000000        0x0 app/libapp.a(zephyr_platform.c.obj)
 .rela.vectors.__start
                0x0000000080000000        0x0 app/libapp.a(zephyr_platform.c.obj)
 .rela.text.arch_bss_zero
                0x0000000080000000        0x0 app/libapp.a(zephyr_platform.c.obj)
 .rela.exception.entry._isr_wrapper
                0x0000000080000000        0x0 app/libapp.a(zephyr_platform.c.obj)
 .rela.text.z_riscv_pmp_init
                0x0000000080000000        0x0 app/libapp.a(zephyr_platform.c.obj)
 .rela.text.walk_stackframe
                0x0000000080000000        0x0 app/libapp.a(zephyr_platform.c.obj)
 .rela.text.malloc_prepare
                0x0000000080000000        0x0 app/libapp.a(zephyr_platform.c.obj)
 .rela.text.bg_thread_main
                0x0000000080000000        0x0 app/libapp.a(zephyr_platform.c.obj)
 .rela.rodata.levels.0
                0x0000000080000000        0x0 app/libapp.a(zephyr_platform.c.obj)

.plt
 *(SORT_BY_ALIGNMENT(.plt))

.iplt
 *(SORT_BY_ALIGNMENT(.iplt))
                0x0000000080000000                __rom_region_start = 0x80000000

rom_start       0x0000000080000000       0x18
                0x0000000080000000                . = ALIGN (0x10)
                0x0000000080000000                __rom_start_address = .
 FILL mask 0x00
                0x0000000080000000                . = (. + (0x0 - (. - __rom_start_address)))
                0x0000000080000000                . = ALIGN (0x4)
 *(SORT_BY_ALIGNMENT(.vectors.*))
 .vectors.__start
                0x0000000080000000       0x18 zephyr/libzephyr.a(vector.S.obj)
                0x0000000080000000                __start

reset           0x0000000080000018        0x6
 *(SORT_BY_ALIGNMENT(.reset.*))
 .reset.__reset
                0x0000000080000018        0x6 zephyr/arch/arch/riscv/core/libarch__riscv__core.a(reset.S.obj)
                0x0000000080000018                __reset

exceptions      0x0000000080000020      0x17e
 *(SORT_BY_ALIGNMENT(.exception.entry.*))
 .exception.entry._isr_wrapper
                0x0000000080000020      0x170 zephyr/arch/arch/riscv/core/libarch__riscv__core.a(isr.S.obj)
                0x0000000080000020                _isr_wrapper
                0x0000000080000152                z_riscv_thread_start
 *(SORT_BY_ALIGNMENT(.exception.other.*))
 .exception.other.__soc_handle_irq
                0x0000000080000190        0xe zephyr/libzephyr.a(soc_irq.S.obj)
                0x0000000080000190                __soc_handle_irq

text            0x00000000800001a0    0x15b72
                0x00000000800001a0                . = ALIGN (0x4)
 *(SORT_BY_ALIGNMENT(.openocd_debug))
 *(SORT_BY_ALIGNMENT(.openocd_debug.*))
                0x00000000800001a0                __text_region_start = .
 *(SORT_BY_ALIGNMENT(.text))
 .text          0x00000000800001a0       0x8a app/libapp.a(invokeNative_riscv.S.obj)
                0x00000000800001a0                invokeNative
 .text          0x000000008000022a       0x2e /home/vboxuser/toolchains/riscv/bin/../lib/gcc/riscv64-unknown-elf/13.2.0/libgcc.a(_lshrdi3.o)
                0x000000008000022a                __lshrti3
 .text          0x0000000080000258       0x2e /home/vboxuser/toolchains/riscv/bin/../lib/gcc/riscv64-unknown-elf/13.2.0/libgcc.a(_ashldi3.o)
                0x0000000080000258                __ashlti3
 .text          0x0000000080000286       0x3c /home/vboxuser/toolchains/riscv/bin/../lib/gcc/riscv64-unknown-elf/13.2.0/libgcc.a(_clzsi2.o)
                0x0000000080000286                __clzdi2
 .text          0x00000000800002c2       0x3c /home/vboxuser/toolchains/riscv/bin/../lib/gcc/riscv64-unknown-elf/13.2.0/libgcc.a(_ctzsi2.o)
                0x00000000800002c2                __ctzdi2
 *(SORT_BY_ALIGNMENT(.text.*))
 *fill*         0x00000000800002fe        0x2 
 .text.__initialize
                0x0000000080000300       0x32 zephyr/arch/arch/riscv/core/libarch__riscv__core.a(reset.S.obj)
                0x0000000080000300                __initialize
 *fill*         0x0000000080000332        0x2 
 .text.z_riscv_switch
                0x0000000080000334       0x6e zephyr/arch/arch/riscv/core/libarch__riscv__core.a(switch.S.obj)
                0x0000000080000334                z_riscv_switch
 *fill*         0x00000000800003a2        0x2 
 .text.z_riscv_write_pmp_entries
                0x00000000800003a4      0x162 zephyr/arch/arch/riscv/core/libarch__riscv__core.a(pmp.S.obj)
                0x00000000800003a4                z_riscv_write_pmp_entries
 .text._OffsetAbsSyms
                0x0000000080000506        0x2 zephyr/CMakeFiles/offsets.dir/./arch/riscv/core/offsets/offsets.c.obj
                0x0000000080000506                _OffsetAbsSyms
 .text._stdout_hook_iwasm
                0x0000000080000508       0x1c app/libapp.a(zephyr_platform.c.obj)
 .text.bh_platform_init
                0x0000000080000524       0x16 app/libapp.a(zephyr_platform.c.obj)
                0x0000000080000524                bh_platform_init
 .text.bh_platform_destroy
                0x000000008000053a        0x2 app/libapp.a(zephyr_platform.c.obj)
                0x000000008000053a                bh_platform_destroy
 .text.os_malloc
                0x000000008000053c        0x8 app/libapp.a(zephyr_platform.c.obj)
                0x000000008000053c                os_malloc
 .text.os_realloc
                0x0000000080000544        0x8 app/libapp.a(zephyr_platform.c.obj)
                0x0000000080000544                os_realloc
 .text.os_free  0x000000008000054c        0x4 app/libapp.a(zephyr_platform.c.obj)
                0x000000008000054c                os_free
 .text.os_printf
                0x0000000080000550       0x20 app/libapp.a(zephyr_platform.c.obj)
                0x0000000080000550                os_printf
 .text.os_vprintf
                0x0000000080000570        0x4 app/libapp.a(zephyr_platform.c.obj)
                0x0000000080000570                os_vprintf
 .text.os_mmap  0x0000000080000574       0x40 app/libapp.a(zephyr_platform.c.obj)
                0x0000000080000574                os_mmap
 .text.os_munmap
                0x00000000800005b4        0xc app/libapp.a(zephyr_platform.c.obj)
                0x00000000800005b4                os_munmap
 .text.os_mremap
                0x00000000800005c0       0x4c app/libapp.a(zephyr_platform.c.obj)
                0x00000000800005c0                os_mremap
 .text.os_mprotect
                0x000000008000060c        0x4 app/libapp.a(zephyr_platform.c.obj)
                0x000000008000060c                os_mprotect
 .text.k_mutex_unlock
                0x0000000080000610        0x4 app/libapp.a(zephyr_thread.c.obj)
 .text.k_mutex_lock.constprop.0
                0x0000000080000614        0x4 app/libapp.a(zephyr_thread.c.obj)
 .text.k_mutex_init.isra.0
                0x0000000080000618        0x4 app/libapp.a(zephyr_thread.c.obj)
 .text.os_thread_sys_init
                0x000000008000061c       0x56 app/libapp.a(zephyr_thread.c.obj)
                0x000000008000061c                os_thread_sys_init
 .text.os_thread_sys_destroy
                0x0000000080000672        0xc app/libapp.a(zephyr_thread.c.obj)
                0x0000000080000672                os_thread_sys_destroy
 .text.os_self_thread
                0x000000008000067e        0x4 app/libapp.a(zephyr_thread.c.obj)
                0x000000008000067e                os_self_thread
 .text.os_mutex_init
                0x0000000080000682       0x10 app/libapp.a(zephyr_thread.c.obj)
                0x0000000080000682                os_mutex_init
 .text.os_mutex_destroy
                0x0000000080000692        0x4 app/libapp.a(zephyr_thread.c.obj)
                0x0000000080000692                os_mutex_destroy
 .text.os_mutex_lock
                0x0000000080000696        0x4 app/libapp.a(zephyr_thread.c.obj)
                0x0000000080000696                os_mutex_lock
 .text.os_mutex_unlock
                0x000000008000069a        0x2 app/libapp.a(zephyr_thread.c.obj)
                0x000000008000069a                os_mutex_unlock
 .text.os_thread_get_stack_boundary
                0x000000008000069c       0x10 app/libapp.a(zephyr_thread.c.obj)
                0x000000008000069c                os_thread_get_stack_boundary
 .text.os_time_get_boot_us
                0x00000000800006ac       0x18 app/libapp.a(zephyr_time.c.obj)
                0x00000000800006ac                os_time_get_boot_us
 .text.remove_tree_node
                0x00000000800006c4      0x1b2 app/libapp.a(ems_alloc.c.obj)
 .text.unlink_hmu
                0x0000000080000876       0x96 app/libapp.a(ems_alloc.c.obj)
 .text.gci_add_fc
                0x000000008000090c       0xe0 app/libapp.a(ems_alloc.c.obj)
                0x000000008000090c                gci_add_fc
 .text.alloc_hmu
                0x00000000800009ec      0x1f0 app/libapp.a(ems_alloc.c.obj)
 .text.gc_alloc_vo
                0x0000000080000bdc       0x9e app/libapp.a(ems_alloc.c.obj)
                0x0000000080000bdc                gc_alloc_vo
 .text.gc_free_vo
                0x0000000080000c7a      0x160 app/libapp.a(ems_alloc.c.obj)
                0x0000000080000c7a                gc_free_vo
 .text.gc_realloc_vo
                0x0000000080000dda      0x19c app/libapp.a(ems_alloc.c.obj)
                0x0000000080000dda                gc_realloc_vo
 .text.adjust_ptr
                0x0000000080000f76       0x1e app/libapp.a(ems_kfc.c.obj)
 .text.gc_init_internal
                0x0000000080000f94       0xd6 app/libapp.a(ems_kfc.c.obj)
 .text.gc_init_with_pool
                0x000000008000106a       0x44 app/libapp.a(ems_kfc.c.obj)
                0x000000008000106a                gc_init_with_pool
 .text.gc_init_with_struct_and_pool
                0x00000000800010ae       0x86 app/libapp.a(ems_kfc.c.obj)
                0x00000000800010ae                gc_init_with_struct_and_pool
 .text.gc_destroy_with_pool
                0x0000000080001134       0x30 app/libapp.a(ems_kfc.c.obj)
                0x0000000080001134                gc_destroy_with_pool
 .text.gc_get_heap_struct_size
                0x0000000080001164        0x6 app/libapp.a(ems_kfc.c.obj)
                0x0000000080001164                gc_get_heap_struct_size
 .text.gc_migrate
                0x000000008000116a      0x13c app/libapp.a(ems_kfc.c.obj)
                0x000000008000116a                gc_migrate
 .text.gc_is_heap_corrupted
                0x00000000800012a6        0x6 app/libapp.a(ems_kfc.c.obj)
                0x00000000800012a6                gc_is_heap_corrupted
 .text.mem_allocator_create
                0x00000000800012ac        0x2 app/libapp.a(mem_alloc.c.obj)
                0x00000000800012ac                mem_allocator_create
 .text.mem_allocator_create_with_struct_and_pool
                0x00000000800012ae        0x2 app/libapp.a(mem_alloc.c.obj)
                0x00000000800012ae                mem_allocator_create_with_struct_and_pool
 .text.mem_allocator_destroy
                0x00000000800012b0        0x2 app/libapp.a(mem_alloc.c.obj)
                0x00000000800012b0                mem_allocator_destroy
 .text.mem_allocator_get_heap_struct_size
                0x00000000800012b2        0x2 app/libapp.a(mem_alloc.c.obj)
                0x00000000800012b2                mem_allocator_get_heap_struct_size
 .text.mem_allocator_malloc
                0x00000000800012b4        0x4 app/libapp.a(mem_alloc.c.obj)
                0x00000000800012b4                mem_allocator_malloc
 .text.mem_allocator_realloc
                0x00000000800012b8        0x2 app/libapp.a(mem_alloc.c.obj)
                0x00000000800012b8                mem_allocator_realloc
 .text.mem_allocator_free
                0x00000000800012ba        0x6 app/libapp.a(mem_alloc.c.obj)
                0x00000000800012ba                mem_allocator_free
 .text.mem_allocator_migrate
                0x00000000800012c0        0x2 app/libapp.a(mem_alloc.c.obj)
                0x00000000800012c0                mem_allocator_migrate
 .text.mem_allocator_is_heap_corrupted
                0x00000000800012c2        0x2 app/libapp.a(mem_alloc.c.obj)
                0x00000000800012c2                mem_allocator_is_heap_corrupted
 .text.bh_bitmap_new
                0x00000000800012c4       0x64 app/libapp.a(bh_bitmap.c.obj)
                0x00000000800012c4                bh_bitmap_new
 .text.b_memcpy_s
                0x0000000080001328       0x40 app/libapp.a(bh_common.c.obj)
                0x0000000080001328                b_memcpy_s
 .text.b_memmove_s
                0x0000000080001368       0x40 app/libapp.a(bh_common.c.obj)
                0x0000000080001368                b_memmove_s
 .text.bh_leb_read
                0x00000000800013a8       0xee app/libapp.a(bh_leb128.c.obj)
                0x00000000800013a8                bh_leb_read
 .text.bh_list_init
                0x0000000080001496       0x12 app/libapp.a(bh_list.c.obj)
                0x0000000080001496                bh_list_init
 .text.bh_list_insert
                0x00000000800014a8       0x1a app/libapp.a(bh_list.c.obj)
                0x00000000800014a8                bh_list_insert
 .text.bh_list_first_elem
                0x00000000800014c2        0x6 app/libapp.a(bh_list.c.obj)
                0x00000000800014c2                bh_list_first_elem
 .text.bh_list_elem_next
                0x00000000800014c8        0x6 app/libapp.a(bh_list.c.obj)
                0x00000000800014c8                bh_list_elem_next
 .text.bh_log_set_verbose_level
                0x00000000800014ce        0x6 app/libapp.a(bh_log.c.obj)
                0x00000000800014ce                bh_log_set_verbose_level
 .text.bh_log   0x00000000800014d4       0xce app/libapp.a(bh_log.c.obj)
                0x00000000800014d4                bh_log
 .text.bh_vector_destroy
                0x00000000800015a2       0x4c app/libapp.a(bh_vector.c.obj)
                0x00000000800015a2                bh_vector_destroy
 .text.print_err
                0x00000000800015ee       0x2c app/libapp.a(libc_builtin_wrapper.c.obj)
 .text.sprintf_out
                0x000000008000161a       0x32 app/libapp.a(libc_builtin_wrapper.c.obj)
 .text.isupper_wrapper
                0x000000008000164c        0xa app/libapp.a(libc_builtin_wrapper.c.obj)
 .text.isalpha_wrapper
                0x0000000080001656        0xe app/libapp.a(libc_builtin_wrapper.c.obj)
 .text.isspace_wrapper
                0x0000000080001664       0x12 app/libapp.a(libc_builtin_wrapper.c.obj)
 .text.isgraph_wrapper
                0x0000000080001676        0xa app/libapp.a(libc_builtin_wrapper.c.obj)
 .text.isprint_wrapper
                0x0000000080001680        0xa app/libapp.a(libc_builtin_wrapper.c.obj)
 .text.isdigit_wrapper
                0x000000008000168a        0xa app/libapp.a(libc_builtin_wrapper.c.obj)
 .text.isxdigit_wrapper
                0x0000000080001694       0x26 app/libapp.a(libc_builtin_wrapper.c.obj)
 .text.tolower_wrapper
                0x00000000800016ba       0x12 app/libapp.a(libc_builtin_wrapper.c.obj)
 .text.toupper_wrapper
                0x00000000800016cc       0x12 app/libapp.a(libc_builtin_wrapper.c.obj)
 .text.isalnum_wrapper
                0x00000000800016de       0x1a app/libapp.a(libc_builtin_wrapper.c.obj)
 .text.__cxa_begin_catch_wrapper
                0x00000000800016f8        0x2 app/libapp.a(libc_builtin_wrapper.c.obj)
 .text.clock_wrapper
                0x00000000800016fa       0x16 app/libapp.a(libc_builtin_wrapper.c.obj)
 .text.__cxa_throw_wrapper
                0x0000000080001710       0x2a app/libapp.a(libc_builtin_wrapper.c.obj)
 .text.nullFunc_X_wrapper
                0x000000008000173a       0x32 app/libapp.a(libc_builtin_wrapper.c.obj)
 .text.abortStackOverflow_wrapper
                0x000000008000176c       0x32 app/libapp.a(libc_builtin_wrapper.c.obj)
 .text.abort_wrapper
                0x000000008000179e       0x32 app/libapp.a(libc_builtin_wrapper.c.obj)
 .text.exit_wrapper
                0x00000000800017d0       0x32 app/libapp.a(libc_builtin_wrapper.c.obj)
 .text.malloc_wrapper
                0x0000000080001802       0x22 app/libapp.a(libc_builtin_wrapper.c.obj)
 .text.__cxa_allocate_exception_wrapper
                0x0000000080001824        0x2 app/libapp.a(libc_builtin_wrapper.c.obj)
 .text.emscripten_memcpy_big_wrapper
                0x0000000080001826       0x52 app/libapp.a(libc_builtin_wrapper.c.obj)
 .text.memcpy_wrapper
                0x0000000080001878       0x54 app/libapp.a(libc_builtin_wrapper.c.obj)
 .text.strstr_wrapper
                0x00000000800018cc       0x2e app/libapp.a(libc_builtin_wrapper.c.obj)
 .text.strcspn_wrapper
                0x00000000800018fa       0x14 app/libapp.a(libc_builtin_wrapper.c.obj)
 .text.strspn_wrapper
                0x000000008000190e       0x14 app/libapp.a(libc_builtin_wrapper.c.obj)
 .text.strncasecmp_wrapper
                0x0000000080001922        0xe app/libapp.a(libc_builtin_wrapper.c.obj)
 .text.memchr_wrapper
                0x0000000080001930       0x4e app/libapp.a(libc_builtin_wrapper.c.obj)
 .text.strtoul_wrapper
                0x000000008000197e       0x4e app/libapp.a(libc_builtin_wrapper.c.obj)
 .text.strtol_wrapper
                0x00000000800019cc       0x4e app/libapp.a(libc_builtin_wrapper.c.obj)
 .text.atoi_wrapper
                0x0000000080001a1a        0x6 app/libapp.a(libc_builtin_wrapper.c.obj)
 .text.free_wrapper
                0x0000000080001a20       0x3c app/libapp.a(libc_builtin_wrapper.c.obj)
 .text.strdup_wrapper
                0x0000000080001a5c       0x4e app/libapp.a(libc_builtin_wrapper.c.obj)
 .text._strdup_wrapper
                0x0000000080001aaa        0x2 app/libapp.a(libc_builtin_wrapper.c.obj)
 .text.strlen_wrapper
                0x0000000080001aac       0x12 app/libapp.a(libc_builtin_wrapper.c.obj)
 .text.calloc_wrapper
                0x0000000080001abe       0x4c app/libapp.a(libc_builtin_wrapper.c.obj)
 .text.memset_wrapper
                0x0000000080001b0a       0x52 app/libapp.a(libc_builtin_wrapper.c.obj)
 .text.realloc_wrapper
                0x0000000080001b5c       0x2e app/libapp.a(libc_builtin_wrapper.c.obj)
 .text.strncpy_wrapper
                0x0000000080001b8a       0x4e app/libapp.a(libc_builtin_wrapper.c.obj)
 .text.strcpy_wrapper
                0x0000000080001bd8       0x54 app/libapp.a(libc_builtin_wrapper.c.obj)
 .text.strncmp_wrapper
                0x0000000080001c2c       0x44 app/libapp.a(libc_builtin_wrapper.c.obj)
 .text.strcmp_wrapper
                0x0000000080001c70        0x8 app/libapp.a(libc_builtin_wrapper.c.obj)
 .text.strchr_wrapper
                0x0000000080001c78       0x34 app/libapp.a(libc_builtin_wrapper.c.obj)
 .text.memmove_wrapper
                0x0000000080001cac       0x54 app/libapp.a(libc_builtin_wrapper.c.obj)
 .text.memcmp_wrapper
                0x0000000080001d00       0x44 app/libapp.a(libc_builtin_wrapper.c.obj)
 .text.putchar_wrapper
                0x0000000080001d44       0x18 app/libapp.a(libc_builtin_wrapper.c.obj)
 .text.puts_wrapper
                0x0000000080001d5c        0xc app/libapp.a(libc_builtin_wrapper.c.obj)
 .text.printf_out
                0x0000000080001d68       0x2c app/libapp.a(libc_builtin_wrapper.c.obj)
 .text._vprintf_wa
                0x0000000080001d94      0x3f6 app/libapp.a(libc_builtin_wrapper.c.obj)
 .text.snprintf_wrapper
                0x000000008000218a       0x68 app/libapp.a(libc_builtin_wrapper.c.obj)
 .text.sprintf_wrapper
                0x00000000800021f2       0x86 app/libapp.a(libc_builtin_wrapper.c.obj)
 .text.printf_wrapper
                0x0000000080002278       0x46 app/libapp.a(libc_builtin_wrapper.c.obj)
 .text.clock_gettime_wrapper
                0x00000000800022be       0x44 app/libapp.a(libc_builtin_wrapper.c.obj)
 .text.get_libc_builtin_export_apis
                0x0000000080002302       0x10 app/libapp.a(libc_builtin_wrapper.c.obj)
                0x0000000080002302                get_libc_builtin_export_apis
 .text.wasm_native_lookup_libc_builtin_global
                0x0000000080002312       0x7a app/libapp.a(libc_builtin_wrapper.c.obj)
                0x0000000080002312                wasm_native_lookup_libc_builtin_global
 .text.thesis_get_ticks_wrapper
                0x000000008000238c        0x4 app/libapp.a(lib_thesis_wrapper.c.obj)
                0x000000008000238c                thesis_get_ticks_wrapper
 .text.vec_abs_wrapper
                0x0000000080002390        0x6 app/libapp.a(lib_thesis_wrapper.c.obj)
                0x0000000080002390                vec_abs_wrapper
 .text.vec_add_wrapper
                0x0000000080002396       0x18 app/libapp.a(lib_thesis_wrapper.c.obj)
                0x0000000080002396                vec_add_wrapper
 .text.vec_mul_wrapper
                0x00000000800023ae       0x18 app/libapp.a(lib_thesis_wrapper.c.obj)
                0x00000000800023ae                vec_mul_wrapper
 .text.dot_product_wrapper
                0x00000000800023c6       0x4a app/libapp.a(lib_thesis_wrapper.c.obj)
                0x00000000800023c6                dot_product_wrapper
 .text.softmax_wrapper
                0x0000000080002410       0x12 app/libapp.a(lib_thesis_wrapper.c.obj)
                0x0000000080002410                softmax_wrapper
 .text.mat_mul_wrapper
                0x0000000080002422       0x7a app/libapp.a(lib_thesis_wrapper.c.obj)
                0x0000000080002422                mat_mul_wrapper
 .text.conv2d_small_wrapper
                0x000000008000249c      0x188 app/libapp.a(lib_thesis_wrapper.c.obj)
                0x000000008000249c                conv2d_small_wrapper
 .text.rmsnorm_wrapper
                0x0000000080002624       0x96 app/libapp.a(lib_thesis_wrapper.c.obj)
                0x0000000080002624                rmsnorm_wrapper
 .text.get_lib_thesis_export_apis
                0x00000000800026ba        0xe app/libapp.a(lib_thesis_wrapper.c.obj)
                0x00000000800026ba                get_lib_thesis_export_apis
 .text.wasm_application_execute_main
                0x00000000800026c8      0x226 app/libapp.a(wasm_application.c.obj)
                0x00000000800026c8                wasm_application_execute_main
 .text.wasm_byte_vec_delete
                0x00000000800028ee        0x8 app/libapp.a(wasm_c_api.c.obj)
                0x00000000800028ee                wasm_byte_vec_delete
 .text.wasm_trap_delete
                0x00000000800028f6       0x28 app/libapp.a(wasm_c_api.c.obj)
                0x00000000800028f6                wasm_trap_delete
 .text.wasm_exec_env_create_internal
                0x000000008000291e       0x6e app/libapp.a(wasm_exec_env.c.obj)
                0x000000008000291e                wasm_exec_env_create_internal
 .text.wasm_exec_env_create
                0x000000008000298c       0x28 app/libapp.a(wasm_exec_env.c.obj)
                0x000000008000298c                wasm_exec_env_create
 .text.wasm_exec_env_destroy
                0x00000000800029b4        0x2 app/libapp.a(wasm_exec_env.c.obj)
                0x00000000800029b4                wasm_exec_env_destroy
 .text.wasm_exec_env_get_module_inst
                0x00000000800029b6        0x4 app/libapp.a(wasm_exec_env.c.obj)
                0x00000000800029b6                wasm_exec_env_get_module_inst
 .text.wasm_exec_env_set_module_inst
                0x00000000800029ba        0x4 app/libapp.a(wasm_exec_env.c.obj)
                0x00000000800029ba                wasm_exec_env_set_module_inst
 .text.wasm_exec_env_restore_module_inst
                0x00000000800029be       0x46 app/libapp.a(wasm_exec_env.c.obj)
                0x00000000800029be                wasm_exec_env_restore_module_inst
 .text.wasm_exec_env_set_thread_info
                0x0000000080002a04       0x2a app/libapp.a(wasm_exec_env.c.obj)
                0x0000000080002a04                wasm_exec_env_set_thread_info
 .text.wasm_loader_set_error_buf
                0x0000000080002a2e       0x2a app/libapp.a(wasm_loader_common.c.obj)
                0x0000000080002a2e                wasm_loader_set_error_buf
 .text.wasm_memory_check_flags
                0x0000000080002a58       0x6e app/libapp.a(wasm_loader_common.c.obj)
                0x0000000080002a58                wasm_memory_check_flags
 .text.wasm_table_check_flags
                0x0000000080002ac6       0x66 app/libapp.a(wasm_loader_common.c.obj)
                0x0000000080002ac6                wasm_table_check_flags
 .text.is_valid_value_type_for_interpreter
                0x0000000080002b2c        0xe app/libapp.a(wasm_loader_common.c.obj)
                0x0000000080002b2c                is_valid_value_type_for_interpreter
 .text.is_indices_overflow
                0x0000000080002b3a       0x32 app/libapp.a(wasm_loader_common.c.obj)
                0x0000000080002b3a                is_indices_overflow
 .text.read_leb
                0x0000000080002b6c       0x76 app/libapp.a(wasm_loader_common.c.obj)
                0x0000000080002b6c                read_leb
 .text.wasm_mremap_linear_memory
                0x0000000080002be2       0x48 app/libapp.a(wasm_memory.c.obj)
 .text.wasm_enlarge_memory_internal
                0x0000000080002c2a      0x12e app/libapp.a(wasm_memory.c.obj)
 .text.wasm_runtime_memory_init
                0x0000000080002d58       0x96 app/libapp.a(wasm_memory.c.obj)
                0x0000000080002d58                wasm_runtime_memory_init
 .text.wasm_runtime_memory_destroy
                0x0000000080002dee       0x26 app/libapp.a(wasm_memory.c.obj)
                0x0000000080002dee                wasm_runtime_memory_destroy
 .text.wasm_runtime_malloc
                0x0000000080002e14       0x66 app/libapp.a(wasm_memory.c.obj)
                0x0000000080002e14                wasm_runtime_malloc
 .text.wasm_runtime_realloc
                0x0000000080002e7a       0x4c app/libapp.a(wasm_memory.c.obj)
                0x0000000080002e7a                wasm_runtime_realloc
 .text.wasm_runtime_free
                0x0000000080002ec6       0x46 app/libapp.a(wasm_memory.c.obj)
                0x0000000080002ec6                wasm_runtime_free
 .text.wasm_get_default_memory
                0x0000000080002f0c        0x8 app/libapp.a(wasm_memory.c.obj)
                0x0000000080002f0c                wasm_get_default_memory
 .text.wasm_runtime_validate_app_addr
                0x0000000080002f14       0x4a app/libapp.a(wasm_memory.c.obj)
                0x0000000080002f14                wasm_runtime_validate_app_addr
 .text.wasm_runtime_validate_native_addr
                0x0000000080002f5e       0x50 app/libapp.a(wasm_memory.c.obj)
                0x0000000080002f5e                wasm_runtime_validate_native_addr
 .text.wasm_runtime_addr_app_to_native
                0x0000000080002fae       0x2a app/libapp.a(wasm_memory.c.obj)
                0x0000000080002fae                wasm_runtime_addr_app_to_native
 .text.wasm_runtime_addr_native_to_app
                0x0000000080002fd8       0x2e app/libapp.a(wasm_memory.c.obj)
                0x0000000080002fd8                wasm_runtime_addr_native_to_app
 .text.wasm_runtime_get_app_addr_range
                0x0000000080003006       0x3c app/libapp.a(wasm_memory.c.obj)
                0x0000000080003006                wasm_runtime_get_app_addr_range
 .text.wasm_runtime_validate_app_str_addr
                0x0000000080003042       0x78 app/libapp.a(wasm_memory.c.obj)
                0x0000000080003042                wasm_runtime_validate_app_str_addr
 .text.wasm_runtime_get_native_addr_range
                0x00000000800030ba       0x44 app/libapp.a(wasm_memory.c.obj)
                0x00000000800030ba                wasm_runtime_get_native_addr_range
 .text.wasm_runtime_set_mem_bound_check_bytes
                0x00000000800030fe        0x2 app/libapp.a(wasm_memory.c.obj)
                0x00000000800030fe                wasm_runtime_set_mem_bound_check_bytes
 .text.wasm_enlarge_memory_with_idx
                0x0000000080003100       0x1e app/libapp.a(wasm_memory.c.obj)
                0x0000000080003100                wasm_enlarge_memory_with_idx
 .text.wasm_deallocate_linear_memory
                0x000000008000311e       0x26 app/libapp.a(wasm_memory.c.obj)
                0x000000008000311e                wasm_deallocate_linear_memory
 .text.wasm_allocate_linear_memory
                0x0000000080003144       0x3a app/libapp.a(wasm_memory.c.obj)
                0x0000000080003144                wasm_allocate_linear_memory
 .text.native_symbol_cmp
                0x000000008000317e        0x8 app/libapp.a(wasm_native.c.obj)
 .text.register_natives
                0x0000000080003186       0x60 app/libapp.a(wasm_native.c.obj)
 .text.wasm_native_resolve_symbol
                0x00000000800031e6      0x246 app/libapp.a(wasm_native.c.obj)
                0x00000000800031e6                wasm_native_resolve_symbol
 .text.wasm_native_register_natives
                0x000000008000342c        0x6 app/libapp.a(wasm_native.c.obj)
                0x000000008000342c                wasm_native_register_natives
 .text.wasm_native_destroy
                0x0000000080003432       0x28 app/libapp.a(wasm_native.c.obj)
                0x0000000080003432                wasm_native_destroy
 .text.wasm_native_init
                0x000000008000345a       0x46 app/libapp.a(wasm_native.c.obj)
                0x000000008000345a                wasm_native_init
 .text.wasm_runtime_exec_env_check
                0x00000000800034a0       0x32 app/libapp.a(wasm_runtime_common.c.obj)
 .text.wasm_runtime_env_init
                0x00000000800034d2       0x1c app/libapp.a(wasm_runtime_common.c.obj)
 .text.wasm_set_exception_local
                0x00000000800034ee       0x1e app/libapp.a(wasm_runtime_common.c.obj)
 .text.set_error_buf
                0x000000008000350c       0x16 app/libapp.a(wasm_runtime_common.c.obj)
 .text.runtime_malloc.constprop.0
                0x0000000080003522       0x3e app/libapp.a(wasm_runtime_common.c.obj)
 .text.wasm_runtime_destroy
                0x0000000080003560       0x24 app/libapp.a(wasm_runtime_common.c.obj)
                0x0000000080003560                wasm_runtime_destroy
 .text.wasm_runtime_get_default_running_mode
                0x0000000080003584        0x6 app/libapp.a(wasm_runtime_common.c.obj)
                0x0000000080003584                wasm_runtime_get_default_running_mode
 .text.wasm_runtime_is_running_mode_supported
                0x000000008000358a        0x6 app/libapp.a(wasm_runtime_common.c.obj)
                0x000000008000358a                wasm_runtime_is_running_mode_supported
 .text.wasm_runtime_set_default_running_mode
                0x0000000080003590       0x1a app/libapp.a(wasm_runtime_common.c.obj)
                0x0000000080003590                wasm_runtime_set_default_running_mode
 .text.wasm_runtime_full_init
                0x00000000800035aa       0x76 app/libapp.a(wasm_runtime_common.c.obj)
                0x00000000800035aa                wasm_runtime_full_init
 .text.get_package_type
                0x0000000080003620       0x4e app/libapp.a(wasm_runtime_common.c.obj)
                0x0000000080003620                get_package_type
 .text.wasm_runtime_is_built_in_module
                0x000000008000366e       0x52 app/libapp.a(wasm_runtime_common.c.obj)
                0x000000008000366e                wasm_runtime_is_built_in_module
 .text.wasm_runtime_load_ex
                0x00000000800036c0       0x6c app/libapp.a(wasm_runtime_common.c.obj)
                0x00000000800036c0                wasm_runtime_load_ex
 .text.wasm_runtime_load
                0x000000008000372c       0x20 app/libapp.a(wasm_runtime_common.c.obj)
                0x000000008000372c                wasm_runtime_load
 .text.wasm_runtime_unload
                0x000000008000374c        0xa app/libapp.a(wasm_runtime_common.c.obj)
                0x000000008000374c                wasm_runtime_unload
 .text.wasm_runtime_get_max_mem
                0x0000000080003756       0x4a app/libapp.a(wasm_runtime_common.c.obj)
                0x0000000080003756                wasm_runtime_get_max_mem
 .text.wasm_runtime_instantiate_internal
                0x00000000800037a0       0x28 app/libapp.a(wasm_runtime_common.c.obj)
                0x00000000800037a0                wasm_runtime_instantiate_internal
 .text.wasm_runtime_instantiate
                0x00000000800037c8       0x10 app/libapp.a(wasm_runtime_common.c.obj)
                0x00000000800037c8                wasm_runtime_instantiate
 .text.wasm_runtime_deinstantiate_internal
                0x00000000800037d8        0xa app/libapp.a(wasm_runtime_common.c.obj)
                0x00000000800037d8                wasm_runtime_deinstantiate_internal
 .text.wasm_runtime_get_running_mode
                0x00000000800037e2       0x10 app/libapp.a(wasm_runtime_common.c.obj)
                0x00000000800037e2                wasm_runtime_get_running_mode
 .text.wasm_runtime_deinstantiate
                0x00000000800037f2        0x4 app/libapp.a(wasm_runtime_common.c.obj)
                0x00000000800037f2                wasm_runtime_deinstantiate
 .text.wasm_runtime_create_exec_env
                0x00000000800037f6        0x4 app/libapp.a(wasm_runtime_common.c.obj)
                0x00000000800037f6                wasm_runtime_create_exec_env
 .text.wasm_runtime_destroy_exec_env
                0x00000000800037fa        0x4 app/libapp.a(wasm_runtime_common.c.obj)
                0x00000000800037fa                wasm_runtime_destroy_exec_env
 .text.wasm_runtime_get_module_inst
                0x00000000800037fe        0x4 app/libapp.a(wasm_runtime_common.c.obj)
                0x00000000800037fe                wasm_runtime_get_module_inst
 .text.wasm_runtime_get_function_type
                0x0000000080003802       0x16 app/libapp.a(wasm_runtime_common.c.obj)
                0x0000000080003802                wasm_runtime_get_function_type
 .text.wasm_runtime_lookup_function
                0x0000000080003818        0xc app/libapp.a(wasm_runtime_common.c.obj)
                0x0000000080003818                wasm_runtime_lookup_function
 .text.wasm_runtime_call_wasm
                0x0000000080003824       0x48 app/libapp.a(wasm_runtime_common.c.obj)
                0x0000000080003824                wasm_runtime_call_wasm
 .text.wasm_runtime_create_exec_env_singleton
                0x000000008000386c       0x28 app/libapp.a(wasm_runtime_common.c.obj)
                0x000000008000386c                wasm_runtime_create_exec_env_singleton
 .text.wasm_runtime_get_exec_env_singleton
                0x0000000080003894       0x1a app/libapp.a(wasm_runtime_common.c.obj)
                0x0000000080003894                wasm_runtime_get_exec_env_singleton
 .text.wasm_set_exception
                0x00000000800038ae        0x4 app/libapp.a(wasm_runtime_common.c.obj)
                0x00000000800038ae                wasm_set_exception
 .text.wasm_copy_exception
                0x00000000800038b2       0x30 app/libapp.a(wasm_runtime_common.c.obj)
                0x00000000800038b2                wasm_copy_exception
 .text.wasm_runtime_set_exception
                0x00000000800038e2        0x4 app/libapp.a(wasm_runtime_common.c.obj)
                0x00000000800038e2                wasm_runtime_set_exception
 .text.wasm_runtime_get_exception
                0x00000000800038e6       0x10 app/libapp.a(wasm_runtime_common.c.obj)
                0x00000000800038e6                wasm_runtime_get_exception
 .text.wasm_runtime_module_malloc
                0x00000000800038f6        0xc app/libapp.a(wasm_runtime_common.c.obj)
                0x00000000800038f6                wasm_runtime_module_malloc
 .text.wasm_runtime_module_realloc
                0x0000000080003902        0xc app/libapp.a(wasm_runtime_common.c.obj)
                0x0000000080003902                wasm_runtime_module_realloc
 .text.wasm_runtime_module_free
                0x000000008000390e        0xa app/libapp.a(wasm_runtime_common.c.obj)
                0x000000008000390e                wasm_runtime_module_free
 .text.wasm_runtime_invoke_native_raw
                0x0000000080003918      0x1ca app/libapp.a(wasm_runtime_common.c.obj)
                0x0000000080003918                wasm_runtime_invoke_native_raw
 .text.wasm_runtime_invoke_native
                0x0000000080003ae2      0x304 app/libapp.a(wasm_runtime_common.c.obj)
                0x0000000080003ae2                wasm_runtime_invoke_native
 .text.wasm_runtime_invoke_c_api_native
                0x0000000080003de6      0x282 app/libapp.a(wasm_runtime_common.c.obj)
                0x0000000080003de6                wasm_runtime_invoke_c_api_native
 .text.wasm_runtime_show_app_heap_corrupted_prompt
                0x0000000080004068       0x12 app/libapp.a(wasm_runtime_common.c.obj)
                0x0000000080004068                wasm_runtime_show_app_heap_corrupted_prompt
 .text.wasm_runtime_detect_native_stack_overflow
                0x000000008000407a       0x2e app/libapp.a(wasm_runtime_common.c.obj)
                0x000000008000407a                wasm_runtime_detect_native_stack_overflow
 .text.GET_I64_FROM_ADDR
                0x00000000800040a8        0xe app/libapp.a(wasm_interp_classic.c.obj)
 .text.GET_F64_FROM_ADDR
                0x00000000800040b6       0x12 app/libapp.a(wasm_interp_classic.c.obj)
 .text.LOAD_I32
                0x00000000800040c8       0x4c app/libapp.a(wasm_interp_classic.c.obj)
 .text.read_leb
                0x0000000080004114       0x50 app/libapp.a(wasm_interp_classic.c.obj)
 .text.trunc_f32_to_int
                0x0000000080004164       0xba app/libapp.a(wasm_interp_classic.c.obj)
 .text.trunc_f64_to_int
                0x000000008000421e       0xe8 app/libapp.a(wasm_interp_classic.c.obj)
 .text.LOAD_I16
                0x0000000080004306       0x24 app/libapp.a(wasm_interp_classic.c.obj)
 .text.word_copy
                0x000000008000432a       0x14 app/libapp.a(wasm_interp_classic.c.obj)
 .text.wasm_value_type_cell_num
                0x000000008000433e       0x38 app/libapp.a(wasm_interp_classic.c.obj)
 .text.ALLOC_FRAME
                0x0000000080004376       0x38 app/libapp.a(wasm_interp_classic.c.obj)
 .text.wasm_interp_call_func_native
                0x00000000800043ae      0x182 app/libapp.a(wasm_interp_classic.c.obj)
 .text.wasm_interp_call_func_bytecode
                0x0000000080004530     0x37fa app/libapp.a(wasm_interp_classic.c.obj)
 .text.wasm_interp_call_wasm
                0x0000000080007d2a      0x150 app/libapp.a(wasm_interp_classic.c.obj)
                0x0000000080007d2a                wasm_interp_call_wasm
 .text.is_32bit_type
                0x0000000080007e7a       0x22 app/libapp.a(wasm_loader.c.obj)
 .text.set_error_buf
                0x0000000080007e9c        0x6 app/libapp.a(wasm_loader.c.obj)
 .text.loader_malloc
                0x0000000080007ea2       0x4e app/libapp.a(wasm_loader.c.obj)
 .text.create_module
                0x0000000080007ef0       0x40 app/libapp.a(wasm_loader.c.obj)
 .text.check_buf
                0x0000000080007f30       0x32 app/libapp.a(wasm_loader.c.obj)
 .text.cmp_export_name
                0x0000000080007f62        0x8 app/libapp.a(wasm_loader.c.obj)
 .text.wasm_loader_ctx_destroy
                0x0000000080007f6a       0x28 app/libapp.a(wasm_loader.c.obj)
 .text.set_error_buf_v
                0x0000000080007f92       0x46 app/libapp.a(wasm_loader.c.obj)
 .text.load_memory
                0x0000000080007fd8      0x126 app/libapp.a(wasm_loader.c.obj)
 .text.load_export_section
                0x00000000800080fe      0x27e app/libapp.a(wasm_loader.c.obj)
 .text.memory_realloc
                0x000000008000837c       0x6e app/libapp.a(wasm_loader.c.obj)
 .text.push_const_expr_stack
                0x00000000800083ea       0xb0 app/libapp.a(wasm_loader.c.obj)
 .text.wasm_loader_push_frame_csp
                0x000000008000849a       0xd2 app/libapp.a(wasm_loader.c.obj)
 .text.wasm_value_type_size
                0x000000008000856c       0x36 app/libapp.a(wasm_loader.c.obj)
 .text.wasm_value_type_cell_num
                0x00000000800085a2       0x16 app/libapp.a(wasm_loader.c.obj)
 .text.wasm_get_cell_num
                0x00000000800085b8       0x3e app/libapp.a(wasm_loader.c.obj)
 .text.wasm_loader_push_frame_ref
                0x00000000800085f6       0xa6 app/libapp.a(wasm_loader.c.obj)
 .text.check_stack_top_values.isra.0
                0x000000008000869c       0xda app/libapp.a(wasm_loader.c.obj)
 .text.wasm_loader_pop_frame_ref
                0x0000000080008776       0x90 app/libapp.a(wasm_loader.c.obj)
 .text.check_branch_block
                0x0000000080008806      0x23c app/libapp.a(wasm_loader.c.obj)
 .text.wasm_loader_push_pop_frame_ref
                0x0000000080008a42       0x64 app/libapp.a(wasm_loader.c.obj)
 .text.load_type_section
                0x0000000080008aa6      0x346 app/libapp.a(wasm_loader.c.obj)
 .text.check_block_stack
                0x0000000080008dec      0x128 app/libapp.a(wasm_loader.c.obj)
 .text.load_init_expr.constprop.0
                0x0000000080008f14      0x2a2 app/libapp.a(wasm_loader.c.obj)
 .text.load_data_segment_section
                0x00000000800091b6      0x1f4 app/libapp.a(wasm_loader.c.obj)
 .text.load_table_segment_section
                0x00000000800093aa      0x21e app/libapp.a(wasm_loader.c.obj)
 .text.load_global_section
                0x00000000800095c8      0x130 app/libapp.a(wasm_loader.c.obj)
 .text.load_function_section
                0x00000000800096f8      0x3a6 app/libapp.a(wasm_loader.c.obj)
 .text.load_import_section
                0x0000000080009a9e      0x78c app/libapp.a(wasm_loader.c.obj)
 .text.load_from_sections
                0x000000008000a22a     0x21a8 app/libapp.a(wasm_loader.c.obj)
 .text.wasm_loader_unload
                0x000000008000c3d2      0x156 app/libapp.a(wasm_loader.c.obj)
                0x000000008000c3d2                wasm_loader_unload
 .text.wasm_loader_load
                0x000000008000c528      0x200 app/libapp.a(wasm_loader.c.obj)
                0x000000008000c528                wasm_loader_load
 .text.wasm_loader_find_block_addr
                0x000000008000c728      0x43e app/libapp.a(wasm_loader.c.obj)
                0x000000008000c728                wasm_loader_find_block_addr
 .text.bh_bitmap_delete
                0x000000008000cb66        0x8 app/libapp.a(wasm_runtime.c.obj)
 .text.cmp_export_func_inst
                0x000000008000cb6e        0x8 app/libapp.a(wasm_runtime.c.obj)
 .text.set_error_buf_v
                0x000000008000cb76       0x46 app/libapp.a(wasm_runtime.c.obj)
 .text.set_error_buf
                0x000000008000cbbc       0x16 app/libapp.a(wasm_runtime.c.obj)
 .text.runtime_malloc
                0x000000008000cbd2       0x4e app/libapp.a(wasm_runtime.c.obj)
 .text.get_init_value_recursive
                0x000000008000cc20       0xa8 app/libapp.a(wasm_runtime.c.obj)
 .text.wasm_value_type_size_internal.constprop.0
                0x000000008000ccc8       0x36 app/libapp.a(wasm_runtime.c.obj)
 .text.memory_instantiate.isra.0
                0x000000008000ccfe      0x290 app/libapp.a(wasm_runtime.c.obj)
 .text.memories_deinstantiate.isra.0
                0x000000008000cf8e       0x58 app/libapp.a(wasm_runtime.c.obj)
 .text.wasm_load
                0x000000008000cfe6        0x4 app/libapp.a(wasm_runtime.c.obj)
                0x000000008000cfe6                wasm_load
 .text.wasm_unload
                0x000000008000cfea        0x4 app/libapp.a(wasm_runtime.c.obj)
                0x000000008000cfea                wasm_unload
 .text.wasm_resolve_import_func
                0x000000008000cfee       0x2c app/libapp.a(wasm_runtime.c.obj)
                0x000000008000cfee                wasm_resolve_import_func
 .text.wasm_deinstantiate
                0x000000008000d01a       0x68 app/libapp.a(wasm_runtime.c.obj)
                0x000000008000d01a                wasm_deinstantiate
 .text.wasm_lookup_function
                0x000000008000d082       0x2e app/libapp.a(wasm_runtime.c.obj)
                0x000000008000d082                wasm_lookup_function
 .text.lookup_post_instantiate_func
                0x000000008000d0b0       0x22 app/libapp.a(wasm_runtime.c.obj)
 .text.wasm_call_function
                0x000000008000d0d2       0x4a app/libapp.a(wasm_runtime.c.obj)
                0x000000008000d0d2                wasm_call_function
 .text.wasm_instantiate
                0x000000008000d11c      0xb48 app/libapp.a(wasm_runtime.c.obj)
                0x000000008000d11c                wasm_instantiate
 .text.wasm_module_malloc_internal
                0x000000008000dc64      0x120 app/libapp.a(wasm_runtime.c.obj)
                0x000000008000dc64                wasm_module_malloc_internal
 .text.wasm_module_realloc_internal
                0x000000008000dd84       0x86 app/libapp.a(wasm_runtime.c.obj)
                0x000000008000dd84                wasm_module_realloc_internal
 .text.wasm_module_free_internal
                0x000000008000de0a       0xac app/libapp.a(wasm_runtime.c.obj)
                0x000000008000de0a                wasm_module_free_internal
 .text.wasm_module_malloc
                0x000000008000deb6        0xa app/libapp.a(wasm_runtime.c.obj)
                0x000000008000deb6                wasm_module_malloc
 .text.wasm_module_realloc
                0x000000008000dec0        0xc app/libapp.a(wasm_runtime.c.obj)
                0x000000008000dec0                wasm_module_realloc
 .text.wasm_module_free
                0x000000008000decc        0x8 app/libapp.a(wasm_runtime.c.obj)
                0x000000008000decc                wasm_module_free
 .text.wasm_check_utf8_str
                0x000000008000ded4      0x160 app/libapp.a(wasm_runtime.c.obj)
                0x000000008000ded4                wasm_check_utf8_str
 .text.wasm_const_str_list_insert
                0x000000008000e034       0xe8 app/libapp.a(wasm_runtime.c.obj)
                0x000000008000e034                wasm_const_str_list_insert
 .text.iwasm_main
                0x000000008000e11c      0x18e app/libapp.a(main.c.obj)
                0x000000008000e11c                iwasm_main
 .text.iwasm_init
                0x000000008000e2aa       0x34 app/libapp.a(main.c.obj)
                0x000000008000e2aa                iwasm_init
 .text.main     0x000000008000e2de       0x10 app/libapp.a(main.c.obj)
                0x000000008000e2de                main
 .text.quantize_f32_to_s8
                0x000000008000e2ee       0x4e app/libapp.a(thesis_native_bench.c.obj)
 .text.compare_vec_s8
                0x000000008000e33c       0x56 app/libapp.a(thesis_native_bench.c.obj)
 .text.ref_softmax_s8.constprop.0
                0x000000008000e392      0x15a app/libapp.a(thesis_native_bench.c.obj)
 .text.thesis_native_bench_run
                0x000000008000e4ec      0x5e6 app/libapp.a(thesis_native_bench.c.obj)
                0x000000008000e4ec                thesis_native_bench_run
 .text.chunk_size
                0x000000008000ead2       0x12 zephyr/libzephyr.a(heap.c.obj)
 .text.free_list_remove_bidx
                0x000000008000eae4       0x50 zephyr/libzephyr.a(heap.c.obj)
 .text.alloc_chunk
                0x000000008000eb34       0xbe zephyr/libzephyr.a(heap.c.obj)
 .text.free_list_remove
                0x000000008000ebf2       0x46 zephyr/libzephyr.a(heap.c.obj)
 .text.free_list_add
                0x000000008000ec38       0x88 zephyr/libzephyr.a(heap.c.obj)
 .text.merge_chunks
                0x000000008000ecc0       0x5e zephyr/libzephyr.a(heap.c.obj)
 .text.free_chunk
                0x000000008000ed1e       0x96 zephyr/libzephyr.a(heap.c.obj)
 .text.split_chunks
                0x000000008000edb4       0x6c zephyr/libzephyr.a(heap.c.obj)
 .text.inplace_realloc.isra.0
                0x000000008000ee20      0x124 zephyr/libzephyr.a(heap.c.obj)
 .text.sys_heap_free
                0x000000008000ef44       0x26 zephyr/libzephyr.a(heap.c.obj)
                0x000000008000ef44                sys_heap_free
 .text.sys_heap_usable_size
                0x000000008000ef6a       0x48 zephyr/libzephyr.a(heap.c.obj)
                0x000000008000ef6a                sys_heap_usable_size
 .text.sys_heap_alloc
                0x000000008000efb2       0x82 zephyr/libzephyr.a(heap.c.obj)
                0x000000008000efb2                sys_heap_alloc
 .text.sys_heap_aligned_alloc
                0x000000008000f034      0x12a zephyr/libzephyr.a(heap.c.obj)
                0x000000008000f034                sys_heap_aligned_alloc
 .text.sys_heap_aligned_realloc
                0x000000008000f15e       0x90 zephyr/libzephyr.a(heap.c.obj)
                0x000000008000f15e                sys_heap_aligned_realloc
 .text.sys_heap_init
                0x000000008000f1ee       0xac zephyr/libzephyr.a(heap.c.obj)
                0x000000008000f1ee                sys_heap_init
 .text.arch_printk_char_out
                0x000000008000f29a        0x4 zephyr/libzephyr.a(printk.c.obj)
                0x000000008000f29a                arch_printk_char_out
 .text.char_out
                0x000000008000f29e        0x6 zephyr/libzephyr.a(printk.c.obj)
 .text.__printk_hook_install
                0x000000008000f2a4        0x6 zephyr/libzephyr.a(printk.c.obj)
                0x000000008000f2a4                __printk_hook_install
 .text.vprintk  0x000000008000f2aa       0x2a zephyr/libzephyr.a(printk.c.obj)
                0x000000008000f2aa                vprintk
 .text.printk   0x000000008000f2d4       0x20 zephyr/libzephyr.a(printk.c.obj)
                0x000000008000f2d4                printk
 .text.z_thread_entry
                0x000000008000f2f4       0x16 zephyr/libzephyr.a(thread_entry.c.obj)
                0x000000008000f2f4                z_thread_entry
 .text._ConfigAbsSyms
                0x000000008000f30a        0x2 zephyr/libzephyr.a(configs.c.obj)
                0x000000008000f30a                _ConfigAbsSyms
 .text.arch_irq_enable
                0x000000008000f30c       0x1a zephyr/libzephyr.a(soc_common_irq.c.obj)
                0x000000008000f30c                arch_irq_enable
 .text.z_riscv_irq_priority_set
                0x000000008000f326       0x10 zephyr/libzephyr.a(soc_common_irq.c.obj)
                0x000000008000f326                z_riscv_irq_priority_set
 .text.soc_interrupt_init
                0x000000008000f336        0xe zephyr/libzephyr.a(soc_common_irq.c.obj)
                0x000000008000f336                soc_interrupt_init
 .text.sys_trace_idle
                0x000000008000f344        0x2 zephyr/libzephyr.a(tracing_none.c.obj)
                0x000000008000f344                sys_trace_idle
 .text.sys_trace_idle_exit
                0x000000008000f346        0x2 zephyr/libzephyr.a(tracing_none.c.obj)
                0x000000008000f346                sys_trace_idle_exit
 .text.arch_early_memset
                0x000000008000f348        0x4 zephyr/arch/common/libarch__common.a(init.c.obj)
                0x000000008000f348                arch_early_memset
 .text.arch_bss_zero
                0x000000008000f34c       0x14 zephyr/arch/common/libarch__common.a(init.c.obj)
                0x000000008000f34c                arch_bss_zero
 .text.arch_cpu_idle
                0x000000008000f360       0x1c zephyr/arch/arch/riscv/core/libarch__riscv__core.a(cpu_idle.c.obj)
                0x000000008000f360                arch_cpu_idle
 .text.z_riscv_get_sp_before_exc
                0x000000008000f37c        0x6 zephyr/arch/arch/riscv/core/libarch__riscv__core.a(fatal.c.obj)
                0x000000008000f37c                z_riscv_get_sp_before_exc
 .text.z_riscv_fatal_error
                0x000000008000f382      0x1a6 zephyr/arch/arch/riscv/core/libarch__riscv__core.a(fatal.c.obj)
                0x000000008000f382                z_riscv_fatal_error
 .text.z_riscv_fault
                0x000000008000f528        0xc zephyr/arch/arch/riscv/core/libarch__riscv__core.a(fatal.c.obj)
                0x000000008000f528                z_riscv_fault
 .text.z_irq_spurious
                0x000000008000f534       0x22 zephyr/arch/arch/riscv/core/libarch__riscv__core.a(irq_manage.c.obj)
                0x000000008000f534                z_irq_spurious
 .text.z_prep_c
                0x000000008000f556       0x10 zephyr/arch/arch/riscv/core/libarch__riscv__core.a(prep_c.c.obj)
                0x000000008000f556                z_prep_c
 .text.arch_new_thread
                0x000000008000f566       0x32 zephyr/arch/arch/riscv/core/libarch__riscv__core.a(thread.c.obj)
                0x000000008000f566                arch_new_thread
 .text.arch_coprocessors_disable
                0x000000008000f598        0x6 zephyr/arch/arch/riscv/core/libarch__riscv__core.a(thread.c.obj)
                0x000000008000f598                arch_coprocessors_disable
 .text.z_riscv_pmp_init
                0x000000008000f59e       0xa8 zephyr/arch/arch/riscv/core/libarch__riscv__core.a(pmp.c.obj)
                0x000000008000f59e                z_riscv_pmp_init
 .text.in_stack_bound
                0x000000008000f646       0x20 zephyr/arch/arch/riscv/core/libarch__riscv__core.a(stacktrace.c.obj)
 .text.walk_stackframe
                0x000000008000f666       0xc0 zephyr/arch/arch/riscv/core/libarch__riscv__core.a(stacktrace.c.obj)
 .text.print_trace_address
                0x000000008000f726       0x22 zephyr/arch/arch/riscv/core/libarch__riscv__core.a(stacktrace.c.obj)
 .text.in_fatal_stack_bound
                0x000000008000f748       0x38 zephyr/arch/arch/riscv/core/libarch__riscv__core.a(stacktrace.c.obj)
 .text.z_riscv_unwind_stack
                0x000000008000f780       0x4a zephyr/arch/arch/riscv/core/libarch__riscv__core.a(stacktrace.c.obj)
                0x000000008000f780                z_riscv_unwind_stack
 .text.z_errno_wrap
                0x000000008000f7ca        0x4 zephyr/lib/libc/picolibc/liblib__libc__picolibc.a(errno_wrap.c.obj)
                0x000000008000f7ca                z_errno_wrap
 .text.z_impl_zephyr_fputc
                0x000000008000f7ce       0x12 zephyr/lib/libc/picolibc/liblib__libc__picolibc.a(stdio.c.obj)
                0x000000008000f7ce                z_impl_zephyr_fputc
 .text.picolibc_put
                0x000000008000f7e0       0x10 zephyr/lib/libc/picolibc/liblib__libc__picolibc.a(stdio.c.obj)
 .text.__stdout_hook_install
                0x000000008000f7f0       0x1a zephyr/lib/libc/picolibc/liblib__libc__picolibc.a(stdio.c.obj)
                0x000000008000f7f0                __stdout_hook_install
 .text.malloc_prepare
                0x000000008000f80a       0x28 zephyr/lib/libc/common/liblib__libc__common.a(malloc.c.obj)
 .text.malloc_lock
                0x000000008000f832        0xe zephyr/lib/libc/common/liblib__libc__common.a(malloc.c.obj)
 .text.malloc_unlock
                0x000000008000f840        0xc zephyr/lib/libc/common/liblib__libc__common.a(malloc.c.obj)
 .text.malloc   0x000000008000f84c       0x3c zephyr/lib/libc/common/liblib__libc__common.a(malloc.c.obj)
                0x000000008000f84c                malloc
 .text.realloc  0x000000008000f888       0x40 zephyr/lib/libc/common/liblib__libc__common.a(malloc.c.obj)
                0x000000008000f888                realloc
 .text.free     0x000000008000f8c8       0x20 zephyr/lib/libc/common/liblib__libc__common.a(malloc.c.obj)
                0x000000008000f8c8                free
 .text.plic_irq_config_func_0
                0x000000008000f8e8       0x18 zephyr/drivers/interrupt_controller/libdrivers__interrupt_controller.a(intc_plic.c.obj)
 .text.get_context_en_addr.constprop.0.isra.0
                0x000000008000f900       0x20 zephyr/drivers/interrupt_controller/libdrivers__interrupt_controller.a(intc_plic.c.obj)
 .text.plic_irq_enable_set_state
                0x000000008000f920       0x5e zephyr/drivers/interrupt_controller/libdrivers__interrupt_controller.a(intc_plic.c.obj)
 .text.plic_irq_handler
                0x000000008000f97e       0x86 zephyr/drivers/interrupt_controller/libdrivers__interrupt_controller.a(intc_plic.c.obj)
 .text.plic_init
                0x000000008000fa04       0x86 zephyr/drivers/interrupt_controller/libdrivers__interrupt_controller.a(intc_plic.c.obj)
 .text.riscv_plic_irq_enable
                0x000000008000fa8a       0x1e zephyr/drivers/interrupt_controller/libdrivers__interrupt_controller.a(intc_plic.c.obj)
                0x000000008000fa8a                riscv_plic_irq_enable
 .text.riscv_plic_set_priority
                0x000000008000faa8       0x26 zephyr/drivers/interrupt_controller/libdrivers__interrupt_controller.a(intc_plic.c.obj)
                0x000000008000faa8                riscv_plic_set_priority
 .text.riscv_plic_get_irq
                0x000000008000face       0x14 zephyr/drivers/interrupt_controller/libdrivers__interrupt_controller.a(intc_plic.c.obj)
                0x000000008000face                riscv_plic_get_irq
 .text.riscv_plic_get_dev
                0x000000008000fae2       0x14 zephyr/drivers/interrupt_controller/libdrivers__interrupt_controller.a(intc_plic.c.obj)
                0x000000008000fae2                riscv_plic_get_dev
 .text.uart_console_init
                0x000000008000faf6       0x36 zephyr/drivers/console/libdrivers__console.a(uart_console.c.obj)
 .text.console_out
                0x000000008000fb2c       0x40 zephyr/drivers/console/libdrivers__console.a(uart_console.c.obj)
 .text.uart_ns16550_config_get
                0x000000008000fb6c       0x2a zephyr/drivers/serial/libdrivers__serial.a(uart_ns16550.c.obj)
 .text.uart_ns16550_poll_out
                0x000000008000fb96       0x2c zephyr/drivers/serial/libdrivers__serial.a(uart_ns16550.c.obj)
 .text.uart_ns16550_err_check
                0x000000008000fbc2       0x2a zephyr/drivers/serial/libdrivers__serial.a(uart_ns16550.c.obj)
 .text.uart_ns16550_configure
                0x000000008000fbec      0x1be zephyr/drivers/serial/libdrivers__serial.a(uart_ns16550.c.obj)
 .text.uart_ns16550_init
                0x000000008000fdaa       0x1e zephyr/drivers/serial/libdrivers__serial.a(uart_ns16550.c.obj)
 .text.uart_ns16550_poll_in
                0x000000008000fdc8       0x32 zephyr/drivers/serial/libdrivers__serial.a(uart_ns16550.c.obj)
 .text.timer_isr
                0x000000008000fdfa       0x48 zephyr/drivers/timer/libdrivers__timer.a(riscv_machine_timer.c.obj)
 .text.sys_clock_driver_init
                0x000000008000fe42       0x54 zephyr/drivers/timer/libdrivers__timer.a(riscv_machine_timer.c.obj)
 .text.sys_clock_set_timeout
                0x000000008000fe96       0x76 zephyr/drivers/timer/libdrivers__timer.a(riscv_machine_timer.c.obj)
                0x000000008000fe96                sys_clock_set_timeout
 .text.sys_clock_elapsed
                0x000000008000ff0c       0x2a zephyr/drivers/timer/libdrivers__timer.a(riscv_machine_timer.c.obj)
                0x000000008000ff0c                sys_clock_elapsed
 .text.sys_clock_cycle_get_32
                0x000000008000ff36        0xc zephyr/drivers/timer/libdrivers__timer.a(riscv_machine_timer.c.obj)
                0x000000008000ff36                sys_clock_cycle_get_32
 .text.do_device_init
                0x000000008000ff42       0x4e zephyr/kernel/libkernel.a(device.c.obj)
                0x000000008000ff42                do_device_init
 .text.z_impl_device_is_ready
                0x000000008000ff90       0x1c zephyr/kernel/libkernel.a(device.c.obj)
                0x000000008000ff90                z_impl_device_is_ready
 .text.z_impl_z_errno
                0x000000008000ffac        0xe zephyr/kernel/libkernel.a(errno.c.obj)
                0x000000008000ffac                z_impl_z_errno
 .text.arch_system_halt
                0x000000008000ffba        0x6 zephyr/kernel/libkernel.a(fatal.c.obj)
                0x000000008000ffba                arch_system_halt
 .text.k_sys_fatal_error_handler
                0x000000008000ffc0        0x8 zephyr/kernel/libkernel.a(fatal.c.obj)
                0x000000008000ffc0                k_sys_fatal_error_handler
 .text.z_fatal_error
                0x000000008000ffc8       0x2c zephyr/kernel/libkernel.a(fatal.c.obj)
                0x000000008000ffc8                z_fatal_error
 .text.z_sys_init_run_level
                0x000000008000fff4       0x52 zephyr/kernel/libkernel.a(init.c.obj)
 .text.bg_thread_main
                0x0000000080010046       0xc4 zephyr/kernel/libkernel.a(init.c.obj)
 .text.z_init_cpu
                0x000000008001010a       0x8c zephyr/kernel/libkernel.a(init.c.obj)
                0x000000008001010a                z_init_cpu
 .text.z_cstart
                0x0000000080010196       0xc0 zephyr/kernel/libkernel.a(init.c.obj)
                0x0000000080010196                z_cstart
 .text.idle     0x0000000080010256        0xe zephyr/kernel/libkernel.a(idle.c.obj)
                0x0000000080010256                idle
 .text.adjust_owner_prio.isra.0
                0x0000000080010264        0xe zephyr/kernel/libkernel.a(mutex.c.obj)
 .text.z_impl_k_mutex_init
                0x0000000080010272       0x10 zephyr/kernel/libkernel.a(mutex.c.obj)
                0x0000000080010272                z_impl_k_mutex_init
 .text.z_impl_k_mutex_lock
                0x0000000080010282       0xf6 zephyr/kernel/libkernel.a(mutex.c.obj)
                0x0000000080010282                z_impl_k_mutex_lock
 .text.z_impl_k_mutex_unlock
                0x0000000080010378       0xaa zephyr/kernel/libkernel.a(mutex.c.obj)
                0x0000000080010378                z_impl_k_mutex_unlock
 .text.z_check_stack_sentinel
                0x0000000080010422       0x2c zephyr/kernel/libkernel.a(thread.c.obj)
                0x0000000080010422                z_check_stack_sentinel
 .text.z_setup_new_thread
                0x000000008001044e       0x7c zephyr/kernel/libkernel.a(thread.c.obj)
                0x000000008001044e                z_setup_new_thread
 .text.z_impl_k_thread_create
                0x00000000800104ca       0x44 zephyr/kernel/libkernel.a(thread.c.obj)
                0x00000000800104ca                z_impl_k_thread_create
 .text.z_dummy_thread_init
                0x000000008001050e       0x22 zephyr/kernel/libkernel.a(thread.c.obj)
                0x000000008001050e                z_dummy_thread_init
 .text.sys_dlist_remove
                0x0000000080010530       0x12 zephyr/kernel/libkernel.a(sched.c.obj)
 .text.unpend_thread_no_timeout
                0x0000000080010542       0x22 zephyr/kernel/libkernel.a(sched.c.obj)
 .text.ready_thread
                0x0000000080010564       0xa8 zephyr/kernel/libkernel.a(sched.c.obj)
 .text.unready_thread
                0x000000008001060c       0x7e zephyr/kernel/libkernel.a(sched.c.obj)
 .text.z_swap   0x000000008001068a       0x6e zephyr/kernel/libkernel.a(sched.c.obj)
 .text.add_thread_timeout
                0x00000000800106f8       0x1a zephyr/kernel/libkernel.a(sched.c.obj)
 .text.add_to_waitq_locked
                0x0000000080010712       0x60 zephyr/kernel/libkernel.a(sched.c.obj)
 .text.move_thread_to_end_of_prio_q
                0x0000000080010772       0xbe zephyr/kernel/libkernel.a(sched.c.obj)
                0x0000000080010772                move_thread_to_end_of_prio_q
 .text.z_ready_thread
                0x0000000080010830       0x1c zephyr/kernel/libkernel.a(sched.c.obj)
                0x0000000080010830                z_ready_thread
 .text.z_sched_wake_thread
                0x000000008001084c       0x40 zephyr/kernel/libkernel.a(sched.c.obj)
                0x000000008001084c                z_sched_wake_thread
 .text.z_thread_timeout
                0x000000008001088c        0xa zephyr/kernel/libkernel.a(sched.c.obj)
                0x000000008001088c                z_thread_timeout
 .text.z_pend_curr
                0x0000000080010896       0x3e zephyr/kernel/libkernel.a(sched.c.obj)
                0x0000000080010896                z_pend_curr
 .text.z_thread_prio_set
                0x00000000800108d4      0x11c zephyr/kernel/libkernel.a(sched.c.obj)
                0x00000000800108d4                z_thread_prio_set
 .text.z_reschedule
                0x00000000800109f0       0x24 zephyr/kernel/libkernel.a(sched.c.obj)
                0x00000000800109f0                z_reschedule
 .text.z_reschedule_irqlock
                0x0000000080010a14       0x66 zephyr/kernel/libkernel.a(sched.c.obj)
                0x0000000080010a14                z_reschedule_irqlock
 .text.k_sched_lock
                0x0000000080010a7a       0x1e zephyr/kernel/libkernel.a(sched.c.obj)
                0x0000000080010a7a                k_sched_lock
 .text.k_sched_unlock
                0x0000000080010a98       0x72 zephyr/kernel/libkernel.a(sched.c.obj)
                0x0000000080010a98                k_sched_unlock
 .text.z_swap_next_thread
                0x0000000080010b0a        0xa zephyr/kernel/libkernel.a(sched.c.obj)
                0x0000000080010b0a                z_swap_next_thread
 .text.z_get_next_switch_handle
                0x0000000080010b14       0x26 zephyr/kernel/libkernel.a(sched.c.obj)
                0x0000000080010b14                z_get_next_switch_handle
 .text.z_sched_init
                0x0000000080010b3a       0x16 zephyr/kernel/libkernel.a(sched.c.obj)
                0x0000000080010b3a                z_sched_init
 .text.z_impl_k_wakeup
                0x0000000080010b50       0x4a zephyr/kernel/libkernel.a(sched.c.obj)
                0x0000000080010b50                z_impl_k_wakeup
 .text.z_impl_k_sched_current_thread_query
                0x0000000080010b9a        0xa zephyr/kernel/libkernel.a(sched.c.obj)
                0x0000000080010b9a                z_impl_k_sched_current_thread_query
 .text.z_thread_abort
                0x0000000080010ba4      0x150 zephyr/kernel/libkernel.a(sched.c.obj)
                0x0000000080010ba4                z_thread_abort
 .text.z_impl_k_thread_abort
                0x0000000080010cf4        0x4 zephyr/kernel/libkernel.a(sched.c.obj)
                0x0000000080010cf4                z_impl_k_thread_abort
 .text.slice_timeout
                0x0000000080010cf8       0x1c zephyr/kernel/libkernel.a(timeslicing.c.obj)
 .text.thread_is_sliceable
                0x0000000080010d14       0x40 zephyr/kernel/libkernel.a(timeslicing.c.obj)
                0x0000000080010d14                thread_is_sliceable
 .text.z_reset_time_slice
                0x0000000080010d54       0x62 zephyr/kernel/libkernel.a(timeslicing.c.obj)
                0x0000000080010d54                z_reset_time_slice
 .text.z_time_slice
                0x0000000080010db6       0x52 zephyr/kernel/libkernel.a(timeslicing.c.obj)
                0x0000000080010db6                z_time_slice
 .text.first    0x0000000080010e08       0x12 zephyr/kernel/libkernel.a(timeout.c.obj)
 .text.next_timeout
                0x0000000080010e1a       0x36 zephyr/kernel/libkernel.a(timeout.c.obj)
 .text.elapsed  0x0000000080010e50        0xe zephyr/kernel/libkernel.a(timeout.c.obj)
 .text.remove_timeout
                0x0000000080010e5e       0x2c zephyr/kernel/libkernel.a(timeout.c.obj)
 .text.z_add_timeout
                0x0000000080010e8a       0xd0 zephyr/kernel/libkernel.a(timeout.c.obj)
                0x0000000080010e8a                z_add_timeout
 .text.z_abort_timeout
                0x0000000080010f5a       0x50 zephyr/kernel/libkernel.a(timeout.c.obj)
                0x0000000080010f5a                z_abort_timeout
 .text.sys_clock_announce
                0x0000000080010faa       0x96 zephyr/kernel/libkernel.a(timeout.c.obj)
                0x0000000080010faa                sys_clock_announce
 .text.sys_clock_tick_get
                0x0000000080011040       0x22 zephyr/kernel/libkernel.a(timeout.c.obj)
                0x0000000080011040                sys_clock_tick_get
 .text.z_impl_k_uptime_ticks
                0x0000000080011062        0x4 zephyr/kernel/libkernel.a(timeout.c.obj)
                0x0000000080011062                z_impl_k_uptime_ticks
 .text.boot_banner
                0x0000000080011066        0xc zephyr/kernel/libkernel.a(banner.c.obj)
                0x0000000080011066                boot_banner
 .text.riscv_abs_q15
                0x0000000080011072       0xda modules/hal_nmsis/libnmsis_dsp.a(BasicMathFunctions.c.obj)
                0x0000000080011072                riscv_abs_q15
 .text.riscv_add_q15
                0x000000008001114c      0x102 modules/hal_nmsis/libnmsis_dsp.a(BasicMathFunctions.c.obj)
                0x000000008001114c                riscv_add_q15
 .text.riscv_dot_prod_q15
                0x000000008001124e       0x78 modules/hal_nmsis/libnmsis_dsp.a(BasicMathFunctions.c.obj)
                0x000000008001124e                riscv_dot_prod_q15
 .text.riscv_mult_q15
                0x00000000800112c6       0xce modules/hal_nmsis/libnmsis_dsp.a(BasicMathFunctions.c.obj)
                0x00000000800112c6                riscv_mult_q15
 .text.riscv_scale_q15
                0x0000000080011394       0xf8 modules/hal_nmsis/libnmsis_dsp.a(BasicMathFunctions.c.obj)
                0x0000000080011394                riscv_scale_q15
 .text.riscv_mat_init_q15
                0x000000008001148c        0xc modules/hal_nmsis/libnmsis_dsp.a(MatrixFunctions.c.obj)
                0x000000008001148c                riscv_mat_init_q15
 .text.riscv_mat_mult_q15
                0x0000000080011498       0xbc modules/hal_nmsis/libnmsis_dsp.a(MatrixFunctions.c.obj)
                0x0000000080011498                riscv_mat_mult_q15
 .text.riscv_rms_q15
                0x0000000080011554       0x8c modules/hal_nmsis/libnmsis_dsp.a(StatisticsFunctions.c.obj)
                0x0000000080011554                riscv_rms_q15
 .text.__CLZ    0x00000000800115e0       0x18 modules/hal_nmsis/libnmsis_dsp.a(FastMathFunctions.c.obj)
 .text.riscv_sqrt_q15
                0x00000000800115f8      0x140 modules/hal_nmsis/libnmsis_dsp.a(FastMathFunctions.c.obj)
                0x00000000800115f8                riscv_sqrt_q15
 .text.riscv_convolve_s8_get_buffer_size
                0x0000000080011738       0x2a modules/hal_nmsis/libnmsis_dsp.a(riscv_convolve_get_buffer_sizes_s8.c.obj)
                0x0000000080011738                riscv_convolve_s8_get_buffer_size
 .text.riscv_convolve_wrapper_s8_get_buffer_size
                0x0000000080011762       0x30 modules/hal_nmsis/libnmsis_dsp.a(riscv_convolve_get_buffer_sizes_s8.c.obj)
                0x0000000080011762                riscv_convolve_wrapper_s8_get_buffer_size
 .text.riscv_convolve_wrapper_s8
                0x0000000080011792      0x140 modules/hal_nmsis/libnmsis_dsp.a(riscv_convolve_wrapper_s8.c.obj)
                0x0000000080011792                riscv_convolve_wrapper_s8
 .text.riscv_softmax_s8
                0x00000000800118d2        0x8 modules/hal_nmsis/libnmsis_dsp.a(riscv_softmax_s8.c.obj)
                0x00000000800118d2                riscv_softmax_s8
 .text.riscv_convolve_1_x_n_s8
                0x00000000800118da       0x56 modules/hal_nmsis/libnmsis_dsp.a(riscv_convolve_1_x_n_s8.c.obj)
                0x00000000800118da                riscv_convolve_1_x_n_s8
 .text.riscv_convolve_1x1_s8
                0x0000000080011930       0xfe modules/hal_nmsis/libnmsis_dsp.a(riscv_convolve_1x1_s8.c.obj)
                0x0000000080011930                riscv_convolve_1x1_s8
 .text.riscv_convolve_1x1_s8_fast
                0x0000000080011a2e       0x72 modules/hal_nmsis/libnmsis_dsp.a(riscv_convolve_1x1_s8_fast.c.obj)
                0x0000000080011a2e                riscv_convolve_1x1_s8_fast
 .text.riscv_convolve_s8
                0x0000000080011aa0      0x658 modules/hal_nmsis/libnmsis_dsp.a(riscv_convolve_s8.c.obj)
                0x0000000080011aa0                riscv_convolve_s8
 .text.riscv_nn_mat_mult_kernel_row_offset_s8_s16
                0x00000000800120f8      0x436 modules/hal_nmsis/libnmsis_dsp.a(riscv_nn_mat_mult_kernel_row_offset_s8_s16.c.obj)
                0x00000000800120f8                riscv_nn_mat_mult_kernel_row_offset_s8_s16
 .text.riscv_nn_mat_mult_kernel_s8_s16
                0x000000008001252e      0x42a modules/hal_nmsis/libnmsis_dsp.a(riscv_nn_mat_mult_kernel_s8_s16.c.obj)
                0x000000008001252e                riscv_nn_mat_mult_kernel_s8_s16
 .text.riscv_nn_softmax_common_s8
                0x0000000080012958      0xac2 modules/hal_nmsis/libnmsis_dsp.a(riscv_nn_softmax_common_s8.c.obj)
                0x0000000080012958                riscv_nn_softmax_common_s8
 .text.riscv_nn_mat_mult_nt_t_s8
                0x000000008001341a      0x5a0 modules/hal_nmsis/libnmsis_dsp.a(riscv_nn_mat_mult_nt_t_s8.c.obj)
                0x000000008001341a                riscv_nn_mat_mult_nt_t_s8
 .text.riscv_q7_to_q15_with_offset
                0x00000000800139ba       0x1c modules/hal_nmsis/libnmsis_dsp.a(riscv_q7_to_q15_with_offset.c.obj)
                0x00000000800139ba                riscv_q7_to_q15_with_offset
 .text.strcpy   0x00000000800139d6       0x12 /home/vboxuser/zephyrproject/wasm-micro-runtime/product-mini/platforms/zephyr/thesis-example-fw/qemu_rv64_nmsis_opt/modules/picolibc/libc.a(strcpy.c.obj)
                0x00000000800139d6                strcpy
 .text.strlen   0x00000000800139e8       0x12 /home/vboxuser/zephyrproject/wasm-micro-runtime/product-mini/platforms/zephyr/thesis-example-fw/qemu_rv64_nmsis_opt/modules/picolibc/libc.a(strlen.c.obj)
                0x00000000800139e8                strlen
 .text.bsearch  0x00000000800139fa       0x64 /home/vboxuser/zephyrproject/wasm-micro-runtime/product-mini/platforms/zephyr/thesis-example-fw/qemu_rv64_nmsis_opt/modules/picolibc/libc.a(bsearch.c.obj)
                0x00000000800139fa                bsearch
 .text.swapfunc
                0x0000000080013a5e       0x52 /home/vboxuser/zephyrproject/wasm-micro-runtime/product-mini/platforms/zephyr/thesis-example-fw/qemu_rv64_nmsis_opt/modules/picolibc/libc.a(qsort.c.obj)
 .text.med3.constprop.0
                0x0000000080013ab0       0x58 /home/vboxuser/zephyrproject/wasm-micro-runtime/product-mini/platforms/zephyr/thesis-example-fw/qemu_rv64_nmsis_opt/modules/picolibc/libc.a(qsort.c.obj)
 .text.qsort    0x0000000080013b08      0x384 /home/vboxuser/zephyrproject/wasm-micro-runtime/product-mini/platforms/zephyr/thesis-example-fw/qemu_rv64_nmsis_opt/modules/picolibc/libc.a(qsort.c.obj)
                0x0000000080013b08                qsort
 .text.atoi     0x0000000080013e8c       0x14 /home/vboxuser/zephyrproject/wasm-micro-runtime/product-mini/platforms/zephyr/thesis-example-fw/qemu_rv64_nmsis_opt/modules/picolibc/libc.a(atoi.c.obj)
                0x0000000080013e8c                atoi
 .text.memchr   0x0000000080013ea0       0x1a /home/vboxuser/zephyrproject/wasm-micro-runtime/product-mini/platforms/zephyr/thesis-example-fw/qemu_rv64_nmsis_opt/modules/picolibc/libc.a(memchr.c.obj)
                0x0000000080013ea0                memchr
 .text.memcmp   0x0000000080013eba       0x26 /home/vboxuser/zephyrproject/wasm-micro-runtime/product-mini/platforms/zephyr/thesis-example-fw/qemu_rv64_nmsis_opt/modules/picolibc/libc.a(memcmp.c.obj)
                0x0000000080013eba                memcmp
 .text.strchr   0x0000000080013ee0       0x1a /home/vboxuser/zephyrproject/wasm-micro-runtime/product-mini/platforms/zephyr/thesis-example-fw/qemu_rv64_nmsis_opt/modules/picolibc/libc.a(strchr.c.obj)
                0x0000000080013ee0                strchr
 .text.strcspn  0x0000000080013efa       0x22 /home/vboxuser/zephyrproject/wasm-micro-runtime/product-mini/platforms/zephyr/thesis-example-fw/qemu_rv64_nmsis_opt/modules/picolibc/libc.a(strcspn.c.obj)
                0x0000000080013efa                strcspn
 .text.strncasecmp
                0x0000000080013f1c       0x4c /home/vboxuser/zephyrproject/wasm-micro-runtime/product-mini/platforms/zephyr/thesis-example-fw/qemu_rv64_nmsis_opt/modules/picolibc/libc.a(strncasecmp.c.obj)
                0x0000000080013f1c                strncasecmp
 .text.strncmp  0x0000000080013f68       0x2c /home/vboxuser/zephyrproject/wasm-micro-runtime/product-mini/platforms/zephyr/thesis-example-fw/qemu_rv64_nmsis_opt/modules/picolibc/libc.a(strncmp.c.obj)
                0x0000000080013f68                strncmp
 .text.strncpy  0x0000000080013f94       0x2a /home/vboxuser/zephyrproject/wasm-micro-runtime/product-mini/platforms/zephyr/thesis-example-fw/qemu_rv64_nmsis_opt/modules/picolibc/libc.a(strncpy.c.obj)
                0x0000000080013f94                strncpy
 .text.strnlen  0x0000000080013fbe       0x18 /home/vboxuser/zephyrproject/wasm-micro-runtime/product-mini/platforms/zephyr/thesis-example-fw/qemu_rv64_nmsis_opt/modules/picolibc/libc.a(strnlen.c.obj)
                0x0000000080013fbe                strnlen
 .text.strspn   0x0000000080013fd6       0x22 /home/vboxuser/zephyrproject/wasm-micro-runtime/product-mini/platforms/zephyr/thesis-example-fw/qemu_rv64_nmsis_opt/modules/picolibc/libc.a(strspn.c.obj)
                0x0000000080013fd6                strspn
 .text.strstr   0x0000000080013ff8       0x36 /home/vboxuser/zephyrproject/wasm-micro-runtime/product-mini/platforms/zephyr/thesis-example-fw/qemu_rv64_nmsis_opt/modules/picolibc/libc.a(strstr.c.obj)
                0x0000000080013ff8                strstr
 .text.printf   0x000000008001402e       0x2a /home/vboxuser/zephyrproject/wasm-micro-runtime/product-mini/platforms/zephyr/thesis-example-fw/qemu_rv64_nmsis_opt/modules/picolibc/libc.a(printf.c.obj)
                0x000000008001402e                printf
 .text.puts     0x0000000080014058       0x56 /home/vboxuser/zephyrproject/wasm-micro-runtime/product-mini/platforms/zephyr/thesis-example-fw/qemu_rv64_nmsis_opt/modules/picolibc/libc.a(puts.c.obj)
                0x0000000080014058                puts
 .text.snprintf
                0x00000000800140ae       0x6e /home/vboxuser/zephyrproject/wasm-micro-runtime/product-mini/platforms/zephyr/thesis-example-fw/qemu_rv64_nmsis_opt/modules/picolibc/libc.a(snprintf.c.obj)
                0x00000000800140ae                snprintf
 .text.strtol   0x000000008001411c      0x13a /home/vboxuser/zephyrproject/wasm-micro-runtime/product-mini/platforms/zephyr/thesis-example-fw/qemu_rv64_nmsis_opt/modules/picolibc/libc.a(strtol.c.obj)
                0x000000008001411c                strtol
 .text.strtoul  0x0000000080014256      0x11e /home/vboxuser/zephyrproject/wasm-micro-runtime/product-mini/platforms/zephyr/thesis-example-fw/qemu_rv64_nmsis_opt/modules/picolibc/libc.a(strtoul.c.obj)
                0x0000000080014256                strtoul
 .text.__ultoa_invert
                0x0000000080014374       0x3a /home/vboxuser/zephyrproject/wasm-micro-runtime/product-mini/platforms/zephyr/thesis-example-fw/qemu_rv64_nmsis_opt/modules/picolibc/libc.a(vfprintf.c.obj)
 .text.skip_to_arg
                0x00000000800143ae      0x15c /home/vboxuser/zephyrproject/wasm-micro-runtime/product-mini/platforms/zephyr/thesis-example-fw/qemu_rv64_nmsis_opt/modules/picolibc/libc.a(vfprintf.c.obj)
 .text.vfprintf
                0x000000008001450a      0x994 /home/vboxuser/zephyrproject/wasm-micro-runtime/product-mini/platforms/zephyr/thesis-example-fw/qemu_rv64_nmsis_opt/modules/picolibc/libc.a(vfprintf.c.obj)
                0x000000008001450a                __d_vfprintf
                0x000000008001450a                vfprintf
 .text.vprintf  0x0000000080014e9e       0x10 /home/vboxuser/zephyrproject/wasm-micro-runtime/product-mini/platforms/zephyr/thesis-example-fw/qemu_rv64_nmsis_opt/modules/picolibc/libc.a(vprintf.c.obj)
                0x0000000080014e9e                vprintf
 .text.vsnprintf
                0x0000000080014eae       0x68 /home/vboxuser/zephyrproject/wasm-micro-runtime/product-mini/platforms/zephyr/thesis-example-fw/qemu_rv64_nmsis_opt/modules/picolibc/libc.a(vsnprintf.c.obj)
                0x0000000080014eae                vsnprintf
 .text.mulShift64
                0x0000000080014f16       0x30 /home/vboxuser/zephyrproject/wasm-micro-runtime/product-mini/platforms/zephyr/thesis-example-fw/qemu_rv64_nmsis_opt/modules/picolibc/libc.a(dtoa_ryu.c.obj)
 .text.__dtoa_engine
                0x0000000080014f46      0x392 /home/vboxuser/zephyrproject/wasm-micro-runtime/product-mini/platforms/zephyr/thesis-example-fw/qemu_rv64_nmsis_opt/modules/picolibc/libc.a(dtoa_ryu.c.obj)
                0x0000000080014f46                __dtoa_engine
 .text.__log10Pow2
                0x00000000800152d8       0x10 /home/vboxuser/zephyrproject/wasm-micro-runtime/product-mini/platforms/zephyr/thesis-example-fw/qemu_rv64_nmsis_opt/modules/picolibc/libc.a(ryu_log10.c.obj)
                0x00000000800152d8                __log10Pow2
 .text.__log10Pow5
                0x00000000800152e8       0x12 /home/vboxuser/zephyrproject/wasm-micro-runtime/product-mini/platforms/zephyr/thesis-example-fw/qemu_rv64_nmsis_opt/modules/picolibc/libc.a(ryu_log10.c.obj)
                0x00000000800152e8                __log10Pow5
 .text.__pow5bits
                0x00000000800152fa       0x14 /home/vboxuser/zephyrproject/wasm-micro-runtime/product-mini/platforms/zephyr/thesis-example-fw/qemu_rv64_nmsis_opt/modules/picolibc/libc.a(ryu_pow5bits.c.obj)
                0x00000000800152fa                __pow5bits
 .text.__pow5Factor
                0x000000008001530e       0x46 /home/vboxuser/zephyrproject/wasm-micro-runtime/product-mini/platforms/zephyr/thesis-example-fw/qemu_rv64_nmsis_opt/modules/picolibc/libc.a(ryu_table.c.obj)
                0x000000008001530e                __pow5Factor
 .text.__double_computePow5
                0x0000000080015354       0xf4 /home/vboxuser/zephyrproject/wasm-micro-runtime/product-mini/platforms/zephyr/thesis-example-fw/qemu_rv64_nmsis_opt/modules/picolibc/libc.a(ryu_table.c.obj)
                0x0000000080015354                __double_computePow5
 .text.__double_computeInvPow5
                0x0000000080015448       0xf6 /home/vboxuser/zephyrproject/wasm-micro-runtime/product-mini/platforms/zephyr/thesis-example-fw/qemu_rv64_nmsis_opt/modules/picolibc/libc.a(ryu_table.c.obj)
                0x0000000080015448                __double_computeInvPow5
 .text.rint     0x000000008001553e      0x162 /home/vboxuser/zephyrproject/wasm-micro-runtime/product-mini/platforms/zephyr/thesis-example-fw/qemu_rv64_nmsis_opt/modules/picolibc/libc.a(s_rint.c.obj)
                0x000000008001553e                rint
 .text.trunc    0x00000000800156a0       0x46 /home/vboxuser/zephyrproject/wasm-micro-runtime/product-mini/platforms/zephyr/thesis-example-fw/qemu_rv64_nmsis_opt/modules/picolibc/libc.a(s_trunc.c.obj)
                0x00000000800156a0                trunc
 .text.rintf    0x00000000800156e6       0xfc /home/vboxuser/zephyrproject/wasm-micro-runtime/product-mini/platforms/zephyr/thesis-example-fw/qemu_rv64_nmsis_opt/modules/picolibc/libc.a(sf_rint.c.obj)
                0x00000000800156e6                rintf
 .text.truncf   0x00000000800157e2       0x44 /home/vboxuser/zephyrproject/wasm-micro-runtime/product-mini/platforms/zephyr/thesis-example-fw/qemu_rv64_nmsis_opt/modules/picolibc/libc.a(sf_trunc.c.obj)
                0x00000000800157e2                truncf
 .text.ceil     0x0000000080015826       0xc8 /home/vboxuser/zephyrproject/wasm-micro-runtime/product-mini/platforms/zephyr/thesis-example-fw/qemu_rv64_nmsis_opt/modules/picolibc/libc.a(s_ceil.c.obj)
                0x0000000080015826                ceil
 .text.floor    0x00000000800158ee       0xd0 /home/vboxuser/zephyrproject/wasm-micro-runtime/product-mini/platforms/zephyr/thesis-example-fw/qemu_rv64_nmsis_opt/modules/picolibc/libc.a(s_floor.c.obj)
                0x00000000800158ee                floor
 .text.ceilf    0x00000000800159be       0x70 /home/vboxuser/zephyrproject/wasm-micro-runtime/product-mini/platforms/zephyr/thesis-example-fw/qemu_rv64_nmsis_opt/modules/picolibc/libc.a(sf_ceil.c.obj)
                0x00000000800159be                ceilf
 .text.expf     0x0000000080015a2e       0xde /home/vboxuser/zephyrproject/wasm-micro-runtime/product-mini/platforms/zephyr/thesis-example-fw/qemu_rv64_nmsis_opt/modules/picolibc/libc.a(sf_exp.c.obj)
                0x0000000080015a2e                expf
 .text.floorf   0x0000000080015b0c       0x70 /home/vboxuser/zephyrproject/wasm-micro-runtime/product-mini/platforms/zephyr/thesis-example-fw/qemu_rv64_nmsis_opt/modules/picolibc/libc.a(sf_floor.c.obj)
                0x0000000080015b0c                floorf
 .text.__dtox_engine
                0x0000000080015b7c       0xe6 /home/vboxuser/zephyrproject/wasm-micro-runtime/product-mini/platforms/zephyr/thesis-example-fw/qemu_rv64_nmsis_opt/modules/picolibc/libc.a(dtox_engine.c.obj)
                0x0000000080015b7c                __dtox_engine
 .text.__file_str_put
                0x0000000080015c62       0x14 /home/vboxuser/zephyrproject/wasm-micro-runtime/product-mini/platforms/zephyr/thesis-example-fw/qemu_rv64_nmsis_opt/modules/picolibc/libc.a(filestrput.c.obj)
                0x0000000080015c62                __file_str_put
 .text.__math_uflowf
                0x0000000080015c76       0x1c /home/vboxuser/zephyrproject/wasm-micro-runtime/product-mini/platforms/zephyr/thesis-example-fw/qemu_rv64_nmsis_opt/modules/picolibc/libc.a(math_errf_uflowf.c.obj)
                0x0000000080015c76                __math_uflowf
 .text.__math_oflowf
                0x0000000080015c92       0x1c /home/vboxuser/zephyrproject/wasm-micro-runtime/product-mini/platforms/zephyr/thesis-example-fw/qemu_rv64_nmsis_opt/modules/picolibc/libc.a(math_errf_oflowf.c.obj)
                0x0000000080015c92                __math_oflowf
 .text.memcpy   0x0000000080015cae       0x16 /home/vboxuser/zephyrproject/wasm-micro-runtime/product-mini/platforms/zephyr/thesis-example-fw/qemu_rv64_nmsis_opt/modules/picolibc/libc.a(memcpy-asm.S.obj)
                0x0000000080015cae                memcpy
 .text.memmove  0x0000000080015cc4       0x26 /home/vboxuser/zephyrproject/wasm-micro-runtime/product-mini/platforms/zephyr/thesis-example-fw/qemu_rv64_nmsis_opt/modules/picolibc/libc.a(memmove.S.obj)
                0x0000000080015cc4                memmove
 .text.memset   0x0000000080015cea       0x10 /home/vboxuser/zephyrproject/wasm-micro-runtime/product-mini/platforms/zephyr/thesis-example-fw/qemu_rv64_nmsis_opt/modules/picolibc/libc.a(memset.S.obj)
                0x0000000080015cea                memset
 .text.strcmp   0x0000000080015cfa       0x18 /home/vboxuser/zephyrproject/wasm-micro-runtime/product-mini/platforms/zephyr/thesis-example-fw/qemu_rv64_nmsis_opt/modules/picolibc/libc.a(strcmp.S.obj)
                0x0000000080015cfa                strcmp
 *(SORT_BY_ALIGNMENT(.gnu.linkonce.t.*))
                0x0000000080015d12                __text_region_end = .
                0x0000000080015d12                __rodata_region_start = .

initlevel       0x0000000080015d18       0x50
                0x0000000080015d18                __init_start = .
                0x0000000080015d18                __init_EARLY_start = .
 *(SORT_BY_NAME(SORT_BY_ALIGNMENT(.z_init_EARLY_P_?_*)))
 *(SORT_BY_NAME(SORT_BY_ALIGNMENT(.z_init_EARLY_P_??_*)))
 *(SORT_BY_NAME(SORT_BY_ALIGNMENT(.z_init_EARLY_P_???_*)))
                0x0000000080015d18                __init_PRE_KERNEL_1_start = .
 *(SORT_BY_NAME(SORT_BY_ALIGNMENT(.z_init_PRE_KERNEL_1_P_?_*)))
 *(SORT_BY_NAME(SORT_BY_ALIGNMENT(.z_init_PRE_KERNEL_1_P_??_*)))
 .z_init_PRE_KERNEL_1_P_40_SUB_00022_
                0x0000000080015d18       0x10 zephyr/drivers/interrupt_controller/libdrivers__interrupt_controller.a(intc_plic.c.obj)
 .z_init_PRE_KERNEL_1_P_50_SUB_00023_
                0x0000000080015d28       0x10 zephyr/drivers/serial/libdrivers__serial.a(uart_ns16550.c.obj)
 .z_init_PRE_KERNEL_1_P_60_SUB_0_
                0x0000000080015d38       0x10 zephyr/drivers/console/libdrivers__console.a(uart_console.c.obj)
 *(SORT_BY_NAME(SORT_BY_ALIGNMENT(.z_init_PRE_KERNEL_1_P_???_*)))
                0x0000000080015d48                __init_PRE_KERNEL_2_start = .
 *(SORT_BY_NAME(SORT_BY_ALIGNMENT(.z_init_PRE_KERNEL_2_P_?_*)))
 .z_init_PRE_KERNEL_2_P_0_SUB_0_
                0x0000000080015d48       0x10 zephyr/drivers/timer/libdrivers__timer.a(riscv_machine_timer.c.obj)
 *(SORT_BY_NAME(SORT_BY_ALIGNMENT(.z_init_PRE_KERNEL_2_P_??_*)))
 *(SORT_BY_NAME(SORT_BY_ALIGNMENT(.z_init_PRE_KERNEL_2_P_???_*)))
                0x0000000080015d58                __init_POST_KERNEL_start = .
 *(SORT_BY_NAME(SORT_BY_ALIGNMENT(.z_init_POST_KERNEL_P_?_*)))
 *(SORT_BY_NAME(SORT_BY_ALIGNMENT(.z_init_POST_KERNEL_P_??_*)))
 .z_init_POST_KERNEL_P_35_SUB_0_
                0x0000000080015d58       0x10 zephyr/lib/libc/common/liblib__libc__common.a(malloc.c.obj)
 *(SORT_BY_NAME(SORT_BY_ALIGNMENT(.z_init_POST_KERNEL_P_???_*)))
                0x0000000080015d68                __init_APPLICATION_start = .
 *(SORT_BY_NAME(SORT_BY_ALIGNMENT(.z_init_APPLICATION_P_?_*)))
 *(SORT_BY_NAME(SORT_BY_ALIGNMENT(.z_init_APPLICATION_P_??_*)))
 *(SORT_BY_NAME(SORT_BY_ALIGNMENT(.z_init_APPLICATION_P_???_*)))
                0x0000000080015d68                __init_SMP_start = .
 *(SORT_BY_NAME(SORT_BY_ALIGNMENT(.z_init_SMP_P_?_*)))
 *(SORT_BY_NAME(SORT_BY_ALIGNMENT(.z_init_SMP_P_??_*)))
 *(SORT_BY_NAME(SORT_BY_ALIGNMENT(.z_init_SMP_P_???_*)))
                0x0000000080015d68                __init_end = .

device_area     0x0000000080015d68       0x80
                0x0000000080015d68                _device_list_start = .
 *(SORT_BY_NAME(SORT_BY_ALIGNMENT(._device.static.*_?_*)))
 *(SORT_BY_NAME(SORT_BY_ALIGNMENT(._device.static.*_??_*)))
 ._device.static.1_40_
                0x0000000080015d68       0x40 zephyr/drivers/interrupt_controller/libdrivers__interrupt_controller.a(intc_plic.c.obj)
                0x0000000080015d68                __device_dts_ord_22
 ._device.static.1_50_
                0x0000000080015da8       0x40 zephyr/drivers/serial/libdrivers__serial.a(uart_ns16550.c.obj)
                0x0000000080015da8                __device_dts_ord_23
 *(SORT_BY_NAME(SORT_BY_ALIGNMENT(._device.static.*_???_*)))
 *(SORT_BY_NAME(SORT_BY_ALIGNMENT(._device.static.*_????_*)))
 *(SORT_BY_NAME(SORT_BY_ALIGNMENT(._device.static.*_?????_*)))
                0x0000000080015de8                _device_list_end = .

sw_isr_table    0x0000000080015de8     0x40c0
                0x0000000080015de8                . = ALIGN (0x4)
 *(SORT_BY_ALIGNMENT(.gnu.linkonce.sw_isr_table*))
 .gnu.linkonce.sw_isr_table
                0x0000000080015de8     0x40c0 zephyr/arch/common/libisr_tables.a(isr_tables.c.obj)
                0x0000000080015de8                _sw_isr_table

initlevel_error
 *(SORT_BY_NAME(SORT_BY_ALIGNMENT(.z_init_*)))
                0x0000000000000001                ASSERT ((SIZEOF (initlevel_error) == 0x0), Undefined initialization levels used.)

app_shmem_regions
                0x0000000080019ea8        0x0
                0x0000000080019ea8                __app_shmem_regions_start = .
 *(SORT_BY_NAME(SORT_BY_ALIGNMENT(.app_regions.*)))
                0x0000000080019ea8                __app_shmem_regions_end = .

k_p4wq_initparam_area
                0x0000000080019ea8        0x0
                0x0000000080019ea8                _k_p4wq_initparam_list_start = .
 *(SORT_BY_NAME(SORT_BY_ALIGNMENT(._k_p4wq_initparam.static.*)))
                0x0000000080019ea8                _k_p4wq_initparam_list_end = .

_static_thread_data_area
                0x0000000080019ea8        0x0
                0x0000000080019ea8                __static_thread_data_list_start = .
 *(SORT_BY_NAME(SORT_BY_ALIGNMENT(.__static_thread_data.static.*)))
                0x0000000080019ea8                __static_thread_data_list_end = .

device_deps     0x0000000080019ea8        0x0
                0x0000000080019ea8                __device_deps_start = .
 *(SORT_BY_NAME(SORT_BY_ALIGNMENT(.__device_deps_pass2*)))
                0x0000000080019ea8                __device_deps_end = .

shared_irq_driver_api_area
                0x0000000080019ea8        0x0
                0x0000000080019ea8                _shared_irq_driver_api_list_start = .
 *(SORT_BY_NAME(SORT_BY_ALIGNMENT(._shared_irq_driver_api.static.*)))
                0x0000000080019ea8                _shared_irq_driver_api_list_end = .

crypto_driver_api_area
                0x0000000080019ea8        0x0
                0x0000000080019ea8                _crypto_driver_api_list_start = .
 *(SORT_BY_NAME(SORT_BY_ALIGNMENT(._crypto_driver_api.static.*)))